20:28:28 **** Build of configuration Debug for project nucleo-L432KC-blink2 ****
make -j8 all 
arm-none-eabi-gcc "C:/Users/andre/STM32Cube/Repository/STM32Cube_FW_L4_V1.17.0/Drivers/STM32L4xx_HAL_Driver/Src/stm32l4xx_hal.c" -mcpu=cortex-m4 -std=gnu11 -g3 -DDEBUG -DUSE_HAL_DRIVER -DSTM32L432xx -c -I../Core/Inc -IC:/Users/andre/STM32Cube/Repository/STM32Cube_FW_L4_V1.17.0/Drivers/STM32L4xx_HAL_Driver/Inc -IC:/Users/andre/STM32Cube/Repository/STM32Cube_FW_L4_V1.17.0/Drivers/STM32L4xx_HAL_Driver/Inc/Legacy -IC:/Users/andre/STM32Cube/Repository/STM32Cube_FW_L4_V1.17.0/Drivers/CMSIS/Device/ST/STM32L4xx/Include -IC:/Users/andre/STM32Cube/Repository/STM32Cube_FW_L4_V1.17.0/Drivers/CMSIS/Include -O0 -ffunction-sections -fdata-sections -Wall -fstack-usage -MMD -MP -MF"Drivers/STM32L4xx_HAL_Driver/stm32l4xx_hal.d" -MT"Drivers/STM32L4xx_HAL_Driver/stm32l4xx_hal.o" --specs=nano.specs -mfpu=fpv4-sp-d16 -mfloat-abi=hard -mthumb -o "Drivers/STM32L4xx_HAL_Driver/stm32l4xx_hal.o"
arm-none-eabi-gcc "C:/Users/andre/STM32Cube/Repository/STM32Cube_FW_L4_V1.17.0/Drivers/STM32L4xx_HAL_Driver/Src/stm32l4xx_hal_cortex.c" -mcpu=cortex-m4 -std=gnu11 -g3 -DDEBUG -DUSE_HAL_DRIVER -DSTM32L432xx -c -I../Core/Inc -IC:/Users/andre/STM32Cube/Repository/STM32Cube_FW_L4_V1.17.0/Drivers/STM32L4xx_HAL_Driver/Inc -IC:/Users/andre/STM32Cube/Repository/STM32Cube_FW_L4_V1.17.0/Drivers/STM32L4xx_HAL_Driver/Inc/Legacy -IC:/Users/andre/STM32Cube/Repository/STM32Cube_FW_L4_V1.17.0/Drivers/CMSIS/Device/ST/STM32L4xx/Include -IC:/Users/andre/STM32Cube/Repository/STM32Cube_FW_L4_V1.17.0/Drivers/CMSIS/Include -O0 -ffunction-sections -fdata-sections -Wall -fstack-usage -MMD -MP -MF"Drivers/STM32L4xx_HAL_Driver/stm32l4xx_hal_cortex.d" -MT"Drivers/STM32L4xx_HAL_Driver/stm32l4xx_hal_cortex.o" --specs=nano.specs -mfpu=fpv4-sp-d16 -mfloat-abi=hard -mthumb -o "Drivers/STM32L4xx_HAL_Driver/stm32l4xx_hal_cortex.o"
arm-none-eabi-gcc "C:/Users/andre/STM32Cube/Repository/STM32Cube_FW_L4_V1.17.0/Drivers/STM32L4xx_HAL_Driver/Src/stm32l4xx_hal_dma.c" -mcpu=cortex-m4 -std=gnu11 -g3 -DDEBUG -DUSE_HAL_DRIVER -DSTM32L432xx -c -I../Core/Inc -IC:/Users/andre/STM32Cube/Repository/STM32Cube_FW_L4_V1.17.0/Drivers/STM32L4xx_HAL_Driver/Inc -IC:/Users/andre/STM32Cube/Repository/STM32Cube_FW_L4_V1.17.0/Drivers/STM32L4xx_HAL_Driver/Inc/Legacy -IC:/Users/andre/STM32Cube/Repository/STM32Cube_FW_L4_V1.17.0/Drivers/CMSIS/Device/ST/STM32L4xx/Include -IC:/Users/andre/STM32Cube/Repository/STM32Cube_FW_L4_V1.17.0/Drivers/CMSIS/Include -O0 -ffunction-sections -fdata-sections -Wall -fstack-usage -MMD -MP -MF"Drivers/STM32L4xx_HAL_Driver/stm32l4xx_hal_dma.d" -MT"Drivers/STM32L4xx_HAL_Driver/stm32l4xx_hal_dma.o" --specs=nano.specs -mfpu=fpv4-sp-d16 -mfloat-abi=hard -mthumb -o "Drivers/STM32L4xx_HAL_Driver/stm32l4xx_hal_dma.o"
arm-none-eabi-gcc "C:/Users/andre/STM32Cube/Repository/STM32Cube_FW_L4_V1.17.0/Drivers/STM32L4xx_HAL_Driver/Src/stm32l4xx_hal_dma_ex.c" -mcpu=cortex-m4 -std=gnu11 -g3 -DDEBUG -DUSE_HAL_DRIVER -DSTM32L432xx -c -I../Core/Inc -IC:/Users/andre/STM32Cube/Repository/STM32Cube_FW_L4_V1.17.0/Drivers/STM32L4xx_HAL_Driver/Inc -IC:/Users/andre/STM32Cube/Repository/STM32Cube_FW_L4_V1.17.0/Drivers/STM32L4xx_HAL_Driver/Inc/Legacy -IC:/Users/andre/STM32Cube/Repository/STM32Cube_FW_L4_V1.17.0/Drivers/CMSIS/Device/ST/STM32L4xx/Include -IC:/Users/andre/STM32Cube/Repository/STM32Cube_FW_L4_V1.17.0/Drivers/CMSIS/Include -O0 -ffunction-sections -fdata-sections -Wall -fstack-usage -MMD -MP -MF"Drivers/STM32L4xx_HAL_Driver/stm32l4xx_hal_dma_ex.d" -MT"Drivers/STM32L4xx_HAL_Driver/stm32l4xx_hal_dma_ex.o" --specs=nano.specs -mfpu=fpv4-sp-d16 -mfloat-abi=hard -mthumb -o "Drivers/STM32L4xx_HAL_Driver/stm32l4xx_hal_dma_ex.o"
arm-none-eabi-gcc "C:/Users/andre/STM32Cube/Repository/STM32Cube_FW_L4_V1.17.0/Drivers/STM32L4xx_HAL_Driver/Src/stm32l4xx_hal_exti.c" -mcpu=cortex-m4 -std=gnu11 -g3 -DDEBUG -DUSE_HAL_DRIVER -DSTM32L432xx -c -I../Core/Inc -IC:/Users/andre/STM32Cube/Repository/STM32Cube_FW_L4_V1.17.0/Drivers/STM32L4xx_HAL_Driver/Inc -IC:/Users/andre/STM32Cube/Repository/STM32Cube_FW_L4_V1.17.0/Drivers/STM32L4xx_HAL_Driver/Inc/Legacy -IC:/Users/andre/STM32Cube/Repository/STM32Cube_FW_L4_V1.17.0/Drivers/CMSIS/Device/ST/STM32L4xx/Include -IC:/Users/andre/STM32Cube/Repository/STM32Cube_FW_L4_V1.17.0/Drivers/CMSIS/Include -O0 -ffunction-sections -fdata-sections -Wall -fstack-usage -MMD -MP -MF"Drivers/STM32L4xx_HAL_Driver/stm32l4xx_hal_exti.d" -MT"Drivers/STM32L4xx_HAL_Driver/stm32l4xx_hal_exti.o" --specs=nano.specs -mfpu=fpv4-sp-d16 -mfloat-abi=hard -mthumb -o "Drivers/STM32L4xx_HAL_Driver/stm32l4xx_hal_exti.o"
arm-none-eabi-gcc "C:/Users/andre/STM32Cube/Repository/STM32Cube_FW_L4_V1.17.0/Drivers/STM32L4xx_HAL_Driver/Src/stm32l4xx_hal_flash.c" -mcpu=cortex-m4 -std=gnu11 -g3 -DDEBUG -DUSE_HAL_DRIVER -DSTM32L432xx -c -I../Core/Inc -IC:/Users/andre/STM32Cube/Repository/STM32Cube_FW_L4_V1.17.0/Drivers/STM32L4xx_HAL_Driver/Inc -IC:/Users/andre/STM32Cube/Repository/STM32Cube_FW_L4_V1.17.0/Drivers/STM32L4xx_HAL_Driver/Inc/Legacy -IC:/Users/andre/STM32Cube/Repository/STM32Cube_FW_L4_V1.17.0/Drivers/CMSIS/Device/ST/STM32L4xx/Include -IC:/Users/andre/STM32Cube/Repository/STM32Cube_FW_L4_V1.17.0/Drivers/CMSIS/Include -O0 -ffunction-sections -fdata-sections -Wall -fstack-usage -MMD -MP -MF"Drivers/STM32L4xx_HAL_Driver/stm32l4xx_hal_flash.d" -MT"Drivers/STM32L4xx_HAL_Driver/stm32l4xx_hal_flash.o" --specs=nano.specs -mfpu=fpv4-sp-d16 -mfloat-abi=hard -mthumb -o "Drivers/STM32L4xx_HAL_Driver/stm32l4xx_hal_flash.o"
arm-none-eabi-gcc "C:/Users/andre/STM32Cube/Repository/STM32Cube_FW_L4_V1.17.0/Drivers/STM32L4xx_HAL_Driver/Src/stm32l4xx_hal_flash_ex.c" -mcpu=cortex-m4 -std=gnu11 -g3 -DDEBUG -DUSE_HAL_DRIVER -DSTM32L432xx -c -I../Core/Inc -IC:/Users/andre/STM32Cube/Repository/STM32Cube_FW_L4_V1.17.0/Drivers/STM32L4xx_HAL_Driver/Inc -IC:/Users/andre/STM32Cube/Repository/STM32Cube_FW_L4_V1.17.0/Drivers/STM32L4xx_HAL_Driver/Inc/Legacy -IC:/Users/andre/STM32Cube/Repository/STM32Cube_FW_L4_V1.17.0/Drivers/CMSIS/Device/ST/STM32L4xx/Include -IC:/Users/andre/STM32Cube/Repository/STM32Cube_FW_L4_V1.17.0/Drivers/CMSIS/Include -O0 -ffunction-sections -fdata-sections -Wall -fstack-usage -MMD -MP -MF"Drivers/STM32L4xx_HAL_Driver/stm32l4xx_hal_flash_ex.d" -MT"Drivers/STM32L4xx_HAL_Driver/stm32l4xx_hal_flash_ex.o" --specs=nano.specs -mfpu=fpv4-sp-d16 -mfloat-abi=hard -mthumb -o "Drivers/STM32L4xx_HAL_Driver/stm32l4xx_hal_flash_ex.o"
arm-none-eabi-gcc "C:/Users/andre/STM32Cube/Repository/STM32Cube_FW_L4_V1.17.0/Drivers/STM32L4xx_HAL_Driver/Src/stm32l4xx_hal_flash_ramfunc.c" -mcpu=cortex-m4 -std=gnu11 -g3 -DDEBUG -DUSE_HAL_DRIVER -DSTM32L432xx -c -I../Core/Inc -IC:/Users/andre/STM32Cube/Repository/STM32Cube_FW_L4_V1.17.0/Drivers/STM32L4xx_HAL_Driver/Inc -IC:/Users/andre/STM32Cube/Repository/STM32Cube_FW_L4_V1.17.0/Drivers/STM32L4xx_HAL_Driver/Inc/Legacy -IC:/Users/andre/STM32Cube/Repository/STM32Cube_FW_L4_V1.17.0/Drivers/CMSIS/Device/ST/STM32L4xx/Include -IC:/Users/andre/STM32Cube/Repository/STM32Cube_FW_L4_V1.17.0/Drivers/CMSIS/Include -O0 -ffunction-sections -fdata-sections -Wall -fstack-usage -MMD -MP -MF"Drivers/STM32L4xx_HAL_Driver/stm32l4xx_hal_flash_ramfunc.d" -MT"Drivers/STM32L4xx_HAL_Driver/stm32l4xx_hal_flash_ramfunc.o" --specs=nano.specs -mfpu=fpv4-sp-d16 -mfloat-abi=hard -mthumb -o "Drivers/STM32L4xx_HAL_Driver/stm32l4xx_hal_flash_ramfunc.o"
arm-none-eabi-gcc "C:/Users/andre/STM32Cube/Repository/STM32Cube_FW_L4_V1.17.0/Drivers/STM32L4xx_HAL_Driver/Src/stm32l4xx_hal_gpio.c" -mcpu=cortex-m4 -std=gnu11 -g3 -DDEBUG -DUSE_HAL_DRIVER -DSTM32L432xx -c -I../Core/Inc -IC:/Users/andre/STM32Cube/Repository/STM32Cube_FW_L4_V1.17.0/Drivers/STM32L4xx_HAL_Driver/Inc -IC:/Users/andre/STM32Cube/Repository/STM32Cube_FW_L4_V1.17.0/Drivers/STM32L4xx_HAL_Driver/Inc/Legacy -IC:/Users/andre/STM32Cube/Repository/STM32Cube_FW_L4_V1.17.0/Drivers/CMSIS/Device/ST/STM32L4xx/Include -IC:/Users/andre/STM32Cube/Repository/STM32Cube_FW_L4_V1.17.0/Drivers/CMSIS/Include -O0 -ffunction-sections -fdata-sections -Wall -fstack-usage -MMD -MP -MF"Drivers/STM32L4xx_HAL_Driver/stm32l4xx_hal_gpio.d" -MT"Drivers/STM32L4xx_HAL_Driver/stm32l4xx_hal_gpio.o" --specs=nano.specs -mfpu=fpv4-sp-d16 -mfloat-abi=hard -mthumb -o "Drivers/STM32L4xx_HAL_Driver/stm32l4xx_hal_gpio.o"
arm-none-eabi-gcc "C:/Users/andre/STM32Cube/Repository/STM32Cube_FW_L4_V1.17.0/Drivers/STM32L4xx_HAL_Driver/Src/stm32l4xx_hal_i2c.c" -mcpu=cortex-m4 -std=gnu11 -g3 -DDEBUG -DUSE_HAL_DRIVER -DSTM32L432xx -c -I../Core/Inc -IC:/Users/andre/STM32Cube/Repository/STM32Cube_FW_L4_V1.17.0/Drivers/STM32L4xx_HAL_Driver/Inc -IC:/Users/andre/STM32Cube/Repository/STM32Cube_FW_L4_V1.17.0/Drivers/STM32L4xx_HAL_Driver/Inc/Legacy -IC:/Users/andre/STM32Cube/Repository/STM32Cube_FW_L4_V1.17.0/Drivers/CMSIS/Device/ST/STM32L4xx/Include -IC:/Users/andre/STM32Cube/Repository/STM32Cube_FW_L4_V1.17.0/Drivers/CMSIS/Include -O0 -ffunction-sections -fdata-sections -Wall -fstack-usage -MMD -MP -MF"Drivers/STM32L4xx_HAL_Driver/stm32l4xx_hal_i2c.d" -MT"Drivers/STM32L4xx_HAL_Driver/stm32l4xx_hal_i2c.o" --specs=nano.specs -mfpu=fpv4-sp-d16 -mfloat-abi=hard -mthumb -o "Drivers/STM32L4xx_HAL_Driver/stm32l4xx_hal_i2c.o"
arm-none-eabi-gcc "C:/Users/andre/STM32Cube/Repository/STM32Cube_FW_L4_V1.17.0/Drivers/STM32L4xx_HAL_Driver/Src/stm32l4xx_hal_i2c_ex.c" -mcpu=cortex-m4 -std=gnu11 -g3 -DDEBUG -DUSE_HAL_DRIVER -DSTM32L432xx -c -I../Core/Inc -IC:/Users/andre/STM32Cube/Repository/STM32Cube_FW_L4_V1.17.0/Drivers/STM32L4xx_HAL_Driver/Inc -IC:/Users/andre/STM32Cube/Repository/STM32Cube_FW_L4_V1.17.0/Drivers/STM32L4xx_HAL_Driver/Inc/Legacy -IC:/Users/andre/STM32Cube/Repository/STM32Cube_FW_L4_V1.17.0/Drivers/CMSIS/Device/ST/STM32L4xx/Include -IC:/Users/andre/STM32Cube/Repository/STM32Cube_FW_L4_V1.17.0/Drivers/CMSIS/Include -O0 -ffunction-sections -fdata-sections -Wall -fstack-usage -MMD -MP -MF"Drivers/STM32L4xx_HAL_Driver/stm32l4xx_hal_i2c_ex.d" -MT"Drivers/STM32L4xx_HAL_Driver/stm32l4xx_hal_i2c_ex.o" --specs=nano.specs -mfpu=fpv4-sp-d16 -mfloat-abi=hard -mthumb -o "Drivers/STM32L4xx_HAL_Driver/stm32l4xx_hal_i2c_ex.o"
arm-none-eabi-gcc "C:/Users/andre/STM32Cube/Repository/STM32Cube_FW_L4_V1.17.0/Drivers/STM32L4xx_HAL_Driver/Src/stm32l4xx_hal_pwr.c" -mcpu=cortex-m4 -std=gnu11 -g3 -DDEBUG -DUSE_HAL_DRIVER -DSTM32L432xx -c -I../Core/Inc -IC:/Users/andre/STM32Cube/Repository/STM32Cube_FW_L4_V1.17.0/Drivers/STM32L4xx_HAL_Driver/Inc -IC:/Users/andre/STM32Cube/Repository/STM32Cube_FW_L4_V1.17.0/Drivers/STM32L4xx_HAL_Driver/Inc/Legacy -IC:/Users/andre/STM32Cube/Repository/STM32Cube_FW_L4_V1.17.0/Drivers/CMSIS/Device/ST/STM32L4xx/Include -IC:/Users/andre/STM32Cube/Repository/STM32Cube_FW_L4_V1.17.0/Drivers/CMSIS/Include -O0 -ffunction-sections -fdata-sections -Wall -fstack-usage -MMD -MP -MF"Drivers/STM32L4xx_HAL_Driver/stm32l4xx_hal_pwr.d" -MT"Drivers/STM32L4xx_HAL_Driver/stm32l4xx_hal_pwr.o" --specs=nano.specs -mfpu=fpv4-sp-d16 -mfloat-abi=hard -mthumb -o "Drivers/STM32L4xx_HAL_Driver/stm32l4xx_hal_pwr.o"
arm-none-eabi-gcc "C:/Users/andre/STM32Cube/Repository/STM32Cube_FW_L4_V1.17.0/Drivers/STM32L4xx_HAL_Driver/Src/stm32l4xx_hal_pwr_ex.c" -mcpu=cortex-m4 -std=gnu11 -g3 -DDEBUG -DUSE_HAL_DRIVER -DSTM32L432xx -c -I../Core/Inc -IC:/Users/andre/STM32Cube/Repository/STM32Cube_FW_L4_V1.17.0/Drivers/STM32L4xx_HAL_Driver/Inc -IC:/Users/andre/STM32Cube/Repository/STM32Cube_FW_L4_V1.17.0/Drivers/STM32L4xx_HAL_Driver/Inc/Legacy -IC:/Users/andre/STM32Cube/Repository/STM32Cube_FW_L4_V1.17.0/Drivers/CMSIS/Device/ST/STM32L4xx/Include -IC:/Users/andre/STM32Cube/Repository/STM32Cube_FW_L4_V1.17.0/Drivers/CMSIS/Include -O0 -ffunction-sections -fdata-sections -Wall -fstack-usage -MMD -MP -MF"Drivers/STM32L4xx_HAL_Driver/stm32l4xx_hal_pwr_ex.d" -MT"Drivers/STM32L4xx_HAL_Driver/stm32l4xx_hal_pwr_ex.o" --specs=nano.specs -mfpu=fpv4-sp-d16 -mfloat-abi=hard -mthumb -o "Drivers/STM32L4xx_HAL_Driver/stm32l4xx_hal_pwr_ex.o"
arm-none-eabi-gcc "C:/Users/andre/STM32Cube/Repository/STM32Cube_FW_L4_V1.17.0/Drivers/STM32L4xx_HAL_Driver/Src/stm32l4xx_hal_rcc.c" -mcpu=cortex-m4 -std=gnu11 -g3 -DDEBUG -DUSE_HAL_DRIVER -DSTM32L432xx -c -I../Core/Inc -IC:/Users/andre/STM32Cube/Repository/STM32Cube_FW_L4_V1.17.0/Drivers/STM32L4xx_HAL_Driver/Inc -IC:/Users/andre/STM32Cube/Repository/STM32Cube_FW_L4_V1.17.0/Drivers/STM32L4xx_HAL_Driver/Inc/Legacy -IC:/Users/andre/STM32Cube/Repository/STM32Cube_FW_L4_V1.17.0/Drivers/CMSIS/Device/ST/STM32L4xx/Include -IC:/Users/andre/STM32Cube/Repository/STM32Cube_FW_L4_V1.17.0/Drivers/CMSIS/Include -O0 -ffunction-sections -fdata-sections -Wall -fstack-usage -MMD -MP -MF"Drivers/STM32L4xx_HAL_Driver/stm32l4xx_hal_rcc.d" -MT"Drivers/STM32L4xx_HAL_Driver/stm32l4xx_hal_rcc.o" --specs=nano.specs -mfpu=fpv4-sp-d16 -mfloat-abi=hard -mthumb -o "Drivers/STM32L4xx_HAL_Driver/stm32l4xx_hal_rcc.o"
arm-none-eabi-gcc "C:/Users/andre/STM32Cube/Repository/STM32Cube_FW_L4_V1.17.0/Drivers/STM32L4xx_HAL_Driver/Src/stm32l4xx_hal_rcc_ex.c" -mcpu=cortex-m4 -std=gnu11 -g3 -DDEBUG -DUSE_HAL_DRIVER -DSTM32L432xx -c -I../Core/Inc -IC:/Users/andre/STM32Cube/Repository/STM32Cube_FW_L4_V1.17.0/Drivers/STM32L4xx_HAL_Driver/Inc -IC:/Users/andre/STM32Cube/Repository/STM32Cube_FW_L4_V1.17.0/Drivers/STM32L4xx_HAL_Driver/Inc/Legacy -IC:/Users/andre/STM32Cube/Repository/STM32Cube_FW_L4_V1.17.0/Drivers/CMSIS/Device/ST/STM32L4xx/Include -IC:/Users/andre/STM32Cube/Repository/STM32Cube_FW_L4_V1.17.0/Drivers/CMSIS/Include -O0 -ffunction-sections -fdata-sections -Wall -fstack-usage -MMD -MP -MF"Drivers/STM32L4xx_HAL_Driver/stm32l4xx_hal_rcc_ex.d" -MT"Drivers/STM32L4xx_HAL_Driver/stm32l4xx_hal_rcc_ex.o" --specs=nano.specs -mfpu=fpv4-sp-d16 -mfloat-abi=hard -mthumb -o "Drivers/STM32L4xx_HAL_Driver/stm32l4xx_hal_rcc_ex.o"
arm-none-eabi-gcc "C:/Users/andre/STM32Cube/Repository/STM32Cube_FW_L4_V1.17.0/Drivers/STM32L4xx_HAL_Driver/Src/stm32l4xx_hal_tim.c" -mcpu=cortex-m4 -std=gnu11 -g3 -DDEBUG -DUSE_HAL_DRIVER -DSTM32L432xx -c -I../Core/Inc -IC:/Users/andre/STM32Cube/Repository/STM32Cube_FW_L4_V1.17.0/Drivers/STM32L4xx_HAL_Driver/Inc -IC:/Users/andre/STM32Cube/Repository/STM32Cube_FW_L4_V1.17.0/Drivers/STM32L4xx_HAL_Driver/Inc/Legacy -IC:/Users/andre/STM32Cube/Repository/STM32Cube_FW_L4_V1.17.0/Drivers/CMSIS/Device/ST/STM32L4xx/Include -IC:/Users/andre/STM32Cube/Repository/STM32Cube_FW_L4_V1.17.0/Drivers/CMSIS/Include -O0 -ffunction-sections -fdata-sections -Wall -fstack-usage -MMD -MP -MF"Drivers/STM32L4xx_HAL_Driver/stm32l4xx_hal_tim.d" -MT"Drivers/STM32L4xx_HAL_Driver/stm32l4xx_hal_tim.o" --specs=nano.specs -mfpu=fpv4-sp-d16 -mfloat-abi=hard -mthumb -o "Drivers/STM32L4xx_HAL_Driver/stm32l4xx_hal_tim.o"
arm-none-eabi-gcc "C:/Users/andre/STM32Cube/Repository/STM32Cube_FW_L4_V1.17.0/Drivers/STM32L4xx_HAL_Driver/Src/stm32l4xx_hal_tim_ex.c" -mcpu=cortex-m4 -std=gnu11 -g3 -DDEBUG -DUSE_HAL_DRIVER -DSTM32L432xx -c -I../Core/Inc -IC:/Users/andre/STM32Cube/Repository/STM32Cube_FW_L4_V1.17.0/Drivers/STM32L4xx_HAL_Driver/Inc -IC:/Users/andre/STM32Cube/Repository/STM32Cube_FW_L4_V1.17.0/Drivers/STM32L4xx_HAL_Driver/Inc/Legacy -IC:/Users/andre/STM32Cube/Repository/STM32Cube_FW_L4_V1.17.0/Drivers/CMSIS/Device/ST/STM32L4xx/Include -IC:/Users/andre/STM32Cube/Repository/STM32Cube_FW_L4_V1.17.0/Drivers/CMSIS/Include -O0 -ffunction-sections -fdata-sections -Wall -fstack-usage -MMD -MP -MF"Drivers/STM32L4xx_HAL_Driver/stm32l4xx_hal_tim_ex.d" -MT"Drivers/STM32L4xx_HAL_Driver/stm32l4xx_hal_tim_ex.o" --specs=nano.specs -mfpu=fpv4-sp-d16 -mfloat-abi=hard -mthumb -o "Drivers/STM32L4xx_HAL_Driver/stm32l4xx_hal_tim_ex.o"
arm-none-eabi-gcc -mcpu=cortex-m4 -g3 -DDEBUG -c -x assembler-with-cpp -MMD -MP -MF"Core/Startup/startup_stm32l432kcux.d" -MT"Core/Startup/startup_stm32l432kcux.o" --specs=nano.specs -mfpu=fpv4-sp-d16 -mfloat-abi=hard -mthumb -o "Core/Startup/startup_stm32l432kcux.o" "../Core/Startup/startup_stm32l432kcux.s"
arm-none-eabi-gcc "../Core/Src/main.c" -mcpu=cortex-m4 -std=gnu11 -g3 -DDEBUG -DUSE_HAL_DRIVER -DSTM32L432xx -c -I../Core/Inc -IC:/Users/andre/STM32Cube/Repository/STM32Cube_FW_L4_V1.17.0/Drivers/STM32L4xx_HAL_Driver/Inc -IC:/Users/andre/STM32Cube/Repository/STM32Cube_FW_L4_V1.17.0/Drivers/STM32L4xx_HAL_Driver/Inc/Legacy -IC:/Users/andre/STM32Cube/Repository/STM32Cube_FW_L4_V1.17.0/Drivers/CMSIS/Device/ST/STM32L4xx/Include -IC:/Users/andre/STM32Cube/Repository/STM32Cube_FW_L4_V1.17.0/Drivers/CMSIS/Include -O0 -ffunction-sections -fdata-sections -Wall -fstack-usage -MMD -MP -MF"Core/Src/main.d" -MT"Core/Src/main.o" --specs=nano.specs -mfpu=fpv4-sp-d16 -mfloat-abi=hard -mthumb -o "Core/Src/main.o"
arm-none-eabi-gcc "../Core/Src/stm32l4xx_hal_msp.c" -mcpu=cortex-m4 -std=gnu11 -g3 -DDEBUG -DUSE_HAL_DRIVER -DSTM32L432xx -c -I../Core/Inc -IC:/Users/andre/STM32Cube/Repository/STM32Cube_FW_L4_V1.17.0/Drivers/STM32L4xx_HAL_Driver/Inc -IC:/Users/andre/STM32Cube/Repository/STM32Cube_FW_L4_V1.17.0/Drivers/STM32L4xx_HAL_Driver/Inc/Legacy -IC:/Users/andre/STM32Cube/Repository/STM32Cube_FW_L4_V1.17.0/Drivers/CMSIS/Device/ST/STM32L4xx/Include -IC:/Users/andre/STM32Cube/Repository/STM32Cube_FW_L4_V1.17.0/Drivers/CMSIS/Include -O0 -ffunction-sections -fdata-sections -Wall -fstack-usage -MMD -MP -MF"Core/Src/stm32l4xx_hal_msp.d" -MT"Core/Src/stm32l4xx_hal_msp.o" --specs=nano.specs -mfpu=fpv4-sp-d16 -mfloat-abi=hard -mthumb -o "Core/Src/stm32l4xx_hal_msp.o"
arm-none-eabi-gcc "../Core/Src/stm32l4xx_it.c" -mcpu=cortex-m4 -std=gnu11 -g3 -DDEBUG -DUSE_HAL_DRIVER -DSTM32L432xx -c -I../Core/Inc -IC:/Users/andre/STM32Cube/Repository/STM32Cube_FW_L4_V1.17.0/Drivers/STM32L4xx_HAL_Driver/Inc -IC:/Users/andre/STM32Cube/Repository/STM32Cube_FW_L4_V1.17.0/Drivers/STM32L4xx_HAL_Driver/Inc/Legacy -IC:/Users/andre/STM32Cube/Repository/STM32Cube_FW_L4_V1.17.0/Drivers/CMSIS/Device/ST/STM32L4xx/Include -IC:/Users/andre/STM32Cube/Repository/STM32Cube_FW_L4_V1.17.0/Drivers/CMSIS/Include -O0 -ffunction-sections -fdata-sections -Wall -fstack-usage -MMD -MP -MF"Core/Src/stm32l4xx_it.d" -MT"Core/Src/stm32l4xx_it.o" --specs=nano.specs -mfpu=fpv4-sp-d16 -mfloat-abi=hard -mthumb -o "Core/Src/stm32l4xx_it.o"
arm-none-eabi-gcc "../Core/Src/syscalls.c" -mcpu=cortex-m4 -std=gnu11 -g3 -DDEBUG -DUSE_HAL_DRIVER -DSTM32L432xx -c -I../Core/Inc -IC:/Users/andre/STM32Cube/Repository/STM32Cube_FW_L4_V1.17.0/Drivers/STM32L4xx_HAL_Driver/Inc -IC:/Users/andre/STM32Cube/Repository/STM32Cube_FW_L4_V1.17.0/Drivers/STM32L4xx_HAL_Driver/Inc/Legacy -IC:/Users/andre/STM32Cube/Repository/STM32Cube_FW_L4_V1.17.0/Drivers/CMSIS/Device/ST/STM32L4xx/Include -IC:/Users/andre/STM32Cube/Repository/STM32Cube_FW_L4_V1.17.0/Drivers/CMSIS/Include -O0 -ffunction-sections -fdata-sections -Wall -fstack-usage -MMD -MP -MF"Core/Src/syscalls.d" -MT"Core/Src/syscalls.o" --specs=nano.specs -mfpu=fpv4-sp-d16 -mfloat-abi=hard -mthumb -o "Core/Src/syscalls.o"
arm-none-eabi-gcc "../Core/Src/sysmem.c" -mcpu=cortex-m4 -std=gnu11 -g3 -DDEBUG -DUSE_HAL_DRIVER -DSTM32L432xx -c -I../Core/Inc -IC:/Users/andre/STM32Cube/Repository/STM32Cube_FW_L4_V1.17.0/Drivers/STM32L4xx_HAL_Driver/Inc -IC:/Users/andre/STM32Cube/Repository/STM32Cube_FW_L4_V1.17.0/Drivers/STM32L4xx_HAL_Driver/Inc/Legacy -IC:/Users/andre/STM32Cube/Repository/STM32Cube_FW_L4_V1.17.0/Drivers/CMSIS/Device/ST/STM32L4xx/Include -IC:/Users/andre/STM32Cube/Repository/STM32Cube_FW_L4_V1.17.0/Drivers/CMSIS/Include -O0 -ffunction-sections -fdata-sections -Wall -fstack-usage -MMD -MP -MF"Core/Src/sysmem.d" -MT"Core/Src/sysmem.o" --specs=nano.specs -mfpu=fpv4-sp-d16 -mfloat-abi=hard -mthumb -o "Core/Src/sysmem.o"
arm-none-eabi-gcc "../Core/Src/system_stm32l4xx.c" -mcpu=cortex-m4 -std=gnu11 -g3 -DDEBUG -DUSE_HAL_DRIVER -DSTM32L432xx -c -I../Core/Inc -IC:/Users/andre/STM32Cube/Repository/STM32Cube_FW_L4_V1.17.0/Drivers/STM32L4xx_HAL_Driver/Inc -IC:/Users/andre/STM32Cube/Repository/STM32Cube_FW_L4_V1.17.0/Drivers/STM32L4xx_HAL_Driver/Inc/Legacy -IC:/Users/andre/STM32Cube/Repository/STM32Cube_FW_L4_V1.17.0/Drivers/CMSIS/Device/ST/STM32L4xx/Include -IC:/Users/andre/STM32Cube/Repository/STM32Cube_FW_L4_V1.17.0/Drivers/CMSIS/Include -O0 -ffunction-sections -fdata-sections -Wall -fstack-usage -MMD -MP -MF"Core/Src/system_stm32l4xx.d" -MT"Core/Src/system_stm32l4xx.o" --specs=nano.specs -mfpu=fpv4-sp-d16 -mfloat-abi=hard -mthumb -o "Core/Src/system_stm32l4xx.o"
arm-none-eabi-gcc -o "nucleo-L432KC-blink2.elf" @"objects.list"   -mcpu=cortex-m4 -T"C:\Users\andre\Desktop\CpE 185\Labs\LAB 2\FRESH START\nucleo-L432KC-blink2\STM32L432KCUX_FLASH.ld" --specs=nosys.specs -Wl,-Map="nucleo-L432KC-blink2.map" -Wl,--gc-sections -static --specs=nano.specs -mfpu=fpv4-sp-d16 -mfloat-abi=hard -mthumb -Wl,--start-group -lc -lm -Wl,--end-group
Finished building target: nucleo-L432KC-blink2.elf
 
arm-none-eabi-size   nucleo-L432KC-blink2.elf 
arm-none-eabi-objdump -h -S  nucleo-L432KC-blink2.elf  > "nucleo-L432KC-blink2.list"
   text	   data	    bss	    dec	    hex	filename
   6132	     20	   1572	   7724	   1e2c	nucleo-L432KC-blink2.elf
arm-none-eabi-objcopy  -O binary  nucleo-L432KC-blink2.elf  "nucleo-L432KC-blink2.bin"
Finished building: default.size.stdout
 
Finished building: nucleo-L432KC-blink2.list
Finished building: nucleo-L432KC-blink2.bin
 
 
20:30:47 **** Incremental Build of configuration Debug for project nucleo-L432KC-blink2 ****
make -j8 all 
arm-none-eabi-size   nucleo-L432KC-blink2.elf 
   text	   data	    bss	    dec	    hex	filename
   6132	     20	   1572	   7724	   1e2c	nucleo-L432KC-blink2.elf
Finished building: default.size.stdout
 
21:04:02 **** Incremental Build of configuration Debug for project nucleo-L432KC-blink2 ****
make -j8 all 
arm-none-eabi-gcc "C:/Users/andre/STM32Cube/Repository/STM32Cube_FW_L4_V1.17.0/Drivers/STM32L4xx_HAL_Driver/Src/stm32l4xx_hal.c" -mcpu=cortex-m4 -std=gnu11 -g3 -DDEBUG -DUSE_HAL_DRIVER -DSTM32L432xx -c -I../Core/Inc -IC:/Users/andre/STM32Cube/Repository/STM32Cube_FW_L4_V1.17.0/Drivers/STM32L4xx_HAL_Driver/Inc -IC:/Users/andre/STM32Cube/Repository/STM32Cube_FW_L4_V1.17.0/Drivers/STM32L4xx_HAL_Driver/Inc/Legacy -IC:/Users/andre/STM32Cube/Repository/STM32Cube_FW_L4_V1.17.0/Drivers/CMSIS/Device/ST/STM32L4xx/Include -IC:/Users/andre/STM32Cube/Repository/STM32Cube_FW_L4_V1.17.0/Drivers/CMSIS/Include -O0 -ffunction-sections -fdata-sections -Wall -fstack-usage -MMD -MP -MF"Drivers/STM32L4xx_HAL_Driver/stm32l4xx_hal.d" -MT"Drivers/STM32L4xx_HAL_Driver/stm32l4xx_hal.o" --specs=nano.specs -mfpu=fpv4-sp-d16 -mfloat-abi=hard -mthumb -o "Drivers/STM32L4xx_HAL_Driver/stm32l4xx_hal.o"
arm-none-eabi-gcc "C:/Users/andre/STM32Cube/Repository/STM32Cube_FW_L4_V1.17.0/Drivers/STM32L4xx_HAL_Driver/Src/stm32l4xx_hal_cortex.c" -mcpu=cortex-m4 -std=gnu11 -g3 -DDEBUG -DUSE_HAL_DRIVER -DSTM32L432xx -c -I../Core/Inc -IC:/Users/andre/STM32Cube/Repository/STM32Cube_FW_L4_V1.17.0/Drivers/STM32L4xx_HAL_Driver/Inc -IC:/Users/andre/STM32Cube/Repository/STM32Cube_FW_L4_V1.17.0/Drivers/STM32L4xx_HAL_Driver/Inc/Legacy -IC:/Users/andre/STM32Cube/Repository/STM32Cube_FW_L4_V1.17.0/Drivers/CMSIS/Device/ST/STM32L4xx/Include -IC:/Users/andre/STM32Cube/Repository/STM32Cube_FW_L4_V1.17.0/Drivers/CMSIS/Include -O0 -ffunction-sections -fdata-sections -Wall -fstack-usage -MMD -MP -MF"Drivers/STM32L4xx_HAL_Driver/stm32l4xx_hal_cortex.d" -MT"Drivers/STM32L4xx_HAL_Driver/stm32l4xx_hal_cortex.o" --specs=nano.specs -mfpu=fpv4-sp-d16 -mfloat-abi=hard -mthumb -o "Drivers/STM32L4xx_HAL_Driver/stm32l4xx_hal_cortex.o"
arm-none-eabi-gcc "C:/Users/andre/STM32Cube/Repository/STM32Cube_FW_L4_V1.17.0/Drivers/STM32L4xx_HAL_Driver/Src/stm32l4xx_hal_dma.c" -mcpu=cortex-m4 -std=gnu11 -g3 -DDEBUG -DUSE_HAL_DRIVER -DSTM32L432xx -c -I../Core/Inc -IC:/Users/andre/STM32Cube/Repository/STM32Cube_FW_L4_V1.17.0/Drivers/STM32L4xx_HAL_Driver/Inc -IC:/Users/andre/STM32Cube/Repository/STM32Cube_FW_L4_V1.17.0/Drivers/STM32L4xx_HAL_Driver/Inc/Legacy -IC:/Users/andre/STM32Cube/Repository/STM32Cube_FW_L4_V1.17.0/Drivers/CMSIS/Device/ST/STM32L4xx/Include -IC:/Users/andre/STM32Cube/Repository/STM32Cube_FW_L4_V1.17.0/Drivers/CMSIS/Include -O0 -ffunction-sections -fdata-sections -Wall -fstack-usage -MMD -MP -MF"Drivers/STM32L4xx_HAL_Driver/stm32l4xx_hal_dma.d" -MT"Drivers/STM32L4xx_HAL_Driver/stm32l4xx_hal_dma.o" --specs=nano.specs -mfpu=fpv4-sp-d16 -mfloat-abi=hard -mthumb -o "Drivers/STM32L4xx_HAL_Driver/stm32l4xx_hal_dma.o"
arm-none-eabi-gcc "C:/Users/andre/STM32Cube/Repository/STM32Cube_FW_L4_V1.17.0/Drivers/STM32L4xx_HAL_Driver/Src/stm32l4xx_hal_dma_ex.c" -mcpu=cortex-m4 -std=gnu11 -g3 -DDEBUG -DUSE_HAL_DRIVER -DSTM32L432xx -c -I../Core/Inc -IC:/Users/andre/STM32Cube/Repository/STM32Cube_FW_L4_V1.17.0/Drivers/STM32L4xx_HAL_Driver/Inc -IC:/Users/andre/STM32Cube/Repository/STM32Cube_FW_L4_V1.17.0/Drivers/STM32L4xx_HAL_Driver/Inc/Legacy -IC:/Users/andre/STM32Cube/Repository/STM32Cube_FW_L4_V1.17.0/Drivers/CMSIS/Device/ST/STM32L4xx/Include -IC:/Users/andre/STM32Cube/Repository/STM32Cube_FW_L4_V1.17.0/Drivers/CMSIS/Include -O0 -ffunction-sections -fdata-sections -Wall -fstack-usage -MMD -MP -MF"Drivers/STM32L4xx_HAL_Driver/stm32l4xx_hal_dma_ex.d" -MT"Drivers/STM32L4xx_HAL_Driver/stm32l4xx_hal_dma_ex.o" --specs=nano.specs -mfpu=fpv4-sp-d16 -mfloat-abi=hard -mthumb -o "Drivers/STM32L4xx_HAL_Driver/stm32l4xx_hal_dma_ex.o"
arm-none-eabi-gcc "C:/Users/andre/STM32Cube/Repository/STM32Cube_FW_L4_V1.17.0/Drivers/STM32L4xx_HAL_Driver/Src/stm32l4xx_hal_exti.c" -mcpu=cortex-m4 -std=gnu11 -g3 -DDEBUG -DUSE_HAL_DRIVER -DSTM32L432xx -c -I../Core/Inc -IC:/Users/andre/STM32Cube/Repository/STM32Cube_FW_L4_V1.17.0/Drivers/STM32L4xx_HAL_Driver/Inc -IC:/Users/andre/STM32Cube/Repository/STM32Cube_FW_L4_V1.17.0/Drivers/STM32L4xx_HAL_Driver/Inc/Legacy -IC:/Users/andre/STM32Cube/Repository/STM32Cube_FW_L4_V1.17.0/Drivers/CMSIS/Device/ST/STM32L4xx/Include -IC:/Users/andre/STM32Cube/Repository/STM32Cube_FW_L4_V1.17.0/Drivers/CMSIS/Include -O0 -ffunction-sections -fdata-sections -Wall -fstack-usage -MMD -MP -MF"Drivers/STM32L4xx_HAL_Driver/stm32l4xx_hal_exti.d" -MT"Drivers/STM32L4xx_HAL_Driver/stm32l4xx_hal_exti.o" --specs=nano.specs -mfpu=fpv4-sp-d16 -mfloat-abi=hard -mthumb -o "Drivers/STM32L4xx_HAL_Driver/stm32l4xx_hal_exti.o"
arm-none-eabi-gcc "C:/Users/andre/STM32Cube/Repository/STM32Cube_FW_L4_V1.17.0/Drivers/STM32L4xx_HAL_Driver/Src/stm32l4xx_hal_flash.c" -mcpu=cortex-m4 -std=gnu11 -g3 -DDEBUG -DUSE_HAL_DRIVER -DSTM32L432xx -c -I../Core/Inc -IC:/Users/andre/STM32Cube/Repository/STM32Cube_FW_L4_V1.17.0/Drivers/STM32L4xx_HAL_Driver/Inc -IC:/Users/andre/STM32Cube/Repository/STM32Cube_FW_L4_V1.17.0/Drivers/STM32L4xx_HAL_Driver/Inc/Legacy -IC:/Users/andre/STM32Cube/Repository/STM32Cube_FW_L4_V1.17.0/Drivers/CMSIS/Device/ST/STM32L4xx/Include -IC:/Users/andre/STM32Cube/Repository/STM32Cube_FW_L4_V1.17.0/Drivers/CMSIS/Include -O0 -ffunction-sections -fdata-sections -Wall -fstack-usage -MMD -MP -MF"Drivers/STM32L4xx_HAL_Driver/stm32l4xx_hal_flash.d" -MT"Drivers/STM32L4xx_HAL_Driver/stm32l4xx_hal_flash.o" --specs=nano.specs -mfpu=fpv4-sp-d16 -mfloat-abi=hard -mthumb -o "Drivers/STM32L4xx_HAL_Driver/stm32l4xx_hal_flash.o"
arm-none-eabi-gcc "C:/Users/andre/STM32Cube/Repository/STM32Cube_FW_L4_V1.17.0/Drivers/STM32L4xx_HAL_Driver/Src/stm32l4xx_hal_flash_ex.c" -mcpu=cortex-m4 -std=gnu11 -g3 -DDEBUG -DUSE_HAL_DRIVER -DSTM32L432xx -c -I../Core/Inc -IC:/Users/andre/STM32Cube/Repository/STM32Cube_FW_L4_V1.17.0/Drivers/STM32L4xx_HAL_Driver/Inc -IC:/Users/andre/STM32Cube/Repository/STM32Cube_FW_L4_V1.17.0/Drivers/STM32L4xx_HAL_Driver/Inc/Legacy -IC:/Users/andre/STM32Cube/Repository/STM32Cube_FW_L4_V1.17.0/Drivers/CMSIS/Device/ST/STM32L4xx/Include -IC:/Users/andre/STM32Cube/Repository/STM32Cube_FW_L4_V1.17.0/Drivers/CMSIS/Include -O0 -ffunction-sections -fdata-sections -Wall -fstack-usage -MMD -MP -MF"Drivers/STM32L4xx_HAL_Driver/stm32l4xx_hal_flash_ex.d" -MT"Drivers/STM32L4xx_HAL_Driver/stm32l4xx_hal_flash_ex.o" --specs=nano.specs -mfpu=fpv4-sp-d16 -mfloat-abi=hard -mthumb -o "Drivers/STM32L4xx_HAL_Driver/stm32l4xx_hal_flash_ex.o"
arm-none-eabi-gcc "C:/Users/andre/STM32Cube/Repository/STM32Cube_FW_L4_V1.17.0/Drivers/STM32L4xx_HAL_Driver/Src/stm32l4xx_hal_flash_ramfunc.c" -mcpu=cortex-m4 -std=gnu11 -g3 -DDEBUG -DUSE_HAL_DRIVER -DSTM32L432xx -c -I../Core/Inc -IC:/Users/andre/STM32Cube/Repository/STM32Cube_FW_L4_V1.17.0/Drivers/STM32L4xx_HAL_Driver/Inc -IC:/Users/andre/STM32Cube/Repository/STM32Cube_FW_L4_V1.17.0/Drivers/STM32L4xx_HAL_Driver/Inc/Legacy -IC:/Users/andre/STM32Cube/Repository/STM32Cube_FW_L4_V1.17.0/Drivers/CMSIS/Device/ST/STM32L4xx/Include -IC:/Users/andre/STM32Cube/Repository/STM32Cube_FW_L4_V1.17.0/Drivers/CMSIS/Include -O0 -ffunction-sections -fdata-sections -Wall -fstack-usage -MMD -MP -MF"Drivers/STM32L4xx_HAL_Driver/stm32l4xx_hal_flash_ramfunc.d" -MT"Drivers/STM32L4xx_HAL_Driver/stm32l4xx_hal_flash_ramfunc.o" --specs=nano.specs -mfpu=fpv4-sp-d16 -mfloat-abi=hard -mthumb -o "Drivers/STM32L4xx_HAL_Driver/stm32l4xx_hal_flash_ramfunc.o"
arm-none-eabi-gcc "C:/Users/andre/STM32Cube/Repository/STM32Cube_FW_L4_V1.17.0/Drivers/STM32L4xx_HAL_Driver/Src/stm32l4xx_hal_gpio.c" -mcpu=cortex-m4 -std=gnu11 -g3 -DDEBUG -DUSE_HAL_DRIVER -DSTM32L432xx -c -I../Core/Inc -IC:/Users/andre/STM32Cube/Repository/STM32Cube_FW_L4_V1.17.0/Drivers/STM32L4xx_HAL_Driver/Inc -IC:/Users/andre/STM32Cube/Repository/STM32Cube_FW_L4_V1.17.0/Drivers/STM32L4xx_HAL_Driver/Inc/Legacy -IC:/Users/andre/STM32Cube/Repository/STM32Cube_FW_L4_V1.17.0/Drivers/CMSIS/Device/ST/STM32L4xx/Include -IC:/Users/andre/STM32Cube/Repository/STM32Cube_FW_L4_V1.17.0/Drivers/CMSIS/Include -O0 -ffunction-sections -fdata-sections -Wall -fstack-usage -MMD -MP -MF"Drivers/STM32L4xx_HAL_Driver/stm32l4xx_hal_gpio.d" -MT"Drivers/STM32L4xx_HAL_Driver/stm32l4xx_hal_gpio.o" --specs=nano.specs -mfpu=fpv4-sp-d16 -mfloat-abi=hard -mthumb -o "Drivers/STM32L4xx_HAL_Driver/stm32l4xx_hal_gpio.o"
arm-none-eabi-gcc "C:/Users/andre/STM32Cube/Repository/STM32Cube_FW_L4_V1.17.0/Drivers/STM32L4xx_HAL_Driver/Src/stm32l4xx_hal_i2c.c" -mcpu=cortex-m4 -std=gnu11 -g3 -DDEBUG -DUSE_HAL_DRIVER -DSTM32L432xx -c -I../Core/Inc -IC:/Users/andre/STM32Cube/Repository/STM32Cube_FW_L4_V1.17.0/Drivers/STM32L4xx_HAL_Driver/Inc -IC:/Users/andre/STM32Cube/Repository/STM32Cube_FW_L4_V1.17.0/Drivers/STM32L4xx_HAL_Driver/Inc/Legacy -IC:/Users/andre/STM32Cube/Repository/STM32Cube_FW_L4_V1.17.0/Drivers/CMSIS/Device/ST/STM32L4xx/Include -IC:/Users/andre/STM32Cube/Repository/STM32Cube_FW_L4_V1.17.0/Drivers/CMSIS/Include -O0 -ffunction-sections -fdata-sections -Wall -fstack-usage -MMD -MP -MF"Drivers/STM32L4xx_HAL_Driver/stm32l4xx_hal_i2c.d" -MT"Drivers/STM32L4xx_HAL_Driver/stm32l4xx_hal_i2c.o" --specs=nano.specs -mfpu=fpv4-sp-d16 -mfloat-abi=hard -mthumb -o "Drivers/STM32L4xx_HAL_Driver/stm32l4xx_hal_i2c.o"
arm-none-eabi-gcc "C:/Users/andre/STM32Cube/Repository/STM32Cube_FW_L4_V1.17.0/Drivers/STM32L4xx_HAL_Driver/Src/stm32l4xx_hal_i2c_ex.c" -mcpu=cortex-m4 -std=gnu11 -g3 -DDEBUG -DUSE_HAL_DRIVER -DSTM32L432xx -c -I../Core/Inc -IC:/Users/andre/STM32Cube/Repository/STM32Cube_FW_L4_V1.17.0/Drivers/STM32L4xx_HAL_Driver/Inc -IC:/Users/andre/STM32Cube/Repository/STM32Cube_FW_L4_V1.17.0/Drivers/STM32L4xx_HAL_Driver/Inc/Legacy -IC:/Users/andre/STM32Cube/Repository/STM32Cube_FW_L4_V1.17.0/Drivers/CMSIS/Device/ST/STM32L4xx/Include -IC:/Users/andre/STM32Cube/Repository/STM32Cube_FW_L4_V1.17.0/Drivers/CMSIS/Include -O0 -ffunction-sections -fdata-sections -Wall -fstack-usage -MMD -MP -MF"Drivers/STM32L4xx_HAL_Driver/stm32l4xx_hal_i2c_ex.d" -MT"Drivers/STM32L4xx_HAL_Driver/stm32l4xx_hal_i2c_ex.o" --specs=nano.specs -mfpu=fpv4-sp-d16 -mfloat-abi=hard -mthumb -o "Drivers/STM32L4xx_HAL_Driver/stm32l4xx_hal_i2c_ex.o"
arm-none-eabi-gcc "C:/Users/andre/STM32Cube/Repository/STM32Cube_FW_L4_V1.17.0/Drivers/STM32L4xx_HAL_Driver/Src/stm32l4xx_hal_pwr.c" -mcpu=cortex-m4 -std=gnu11 -g3 -DDEBUG -DUSE_HAL_DRIVER -DSTM32L432xx -c -I../Core/Inc -IC:/Users/andre/STM32Cube/Repository/STM32Cube_FW_L4_V1.17.0/Drivers/STM32L4xx_HAL_Driver/Inc -IC:/Users/andre/STM32Cube/Repository/STM32Cube_FW_L4_V1.17.0/Drivers/STM32L4xx_HAL_Driver/Inc/Legacy -IC:/Users/andre/STM32Cube/Repository/STM32Cube_FW_L4_V1.17.0/Drivers/CMSIS/Device/ST/STM32L4xx/Include -IC:/Users/andre/STM32Cube/Repository/STM32Cube_FW_L4_V1.17.0/Drivers/CMSIS/Include -O0 -ffunction-sections -fdata-sections -Wall -fstack-usage -MMD -MP -MF"Drivers/STM32L4xx_HAL_Driver/stm32l4xx_hal_pwr.d" -MT"Drivers/STM32L4xx_HAL_Driver/stm32l4xx_hal_pwr.o" --specs=nano.specs -mfpu=fpv4-sp-d16 -mfloat-abi=hard -mthumb -o "Drivers/STM32L4xx_HAL_Driver/stm32l4xx_hal_pwr.o"
arm-none-eabi-gcc "C:/Users/andre/STM32Cube/Repository/STM32Cube_FW_L4_V1.17.0/Drivers/STM32L4xx_HAL_Driver/Src/stm32l4xx_hal_pwr_ex.c" -mcpu=cortex-m4 -std=gnu11 -g3 -DDEBUG -DUSE_HAL_DRIVER -DSTM32L432xx -c -I../Core/Inc -IC:/Users/andre/STM32Cube/Repository/STM32Cube_FW_L4_V1.17.0/Drivers/STM32L4xx_HAL_Driver/Inc -IC:/Users/andre/STM32Cube/Repository/STM32Cube_FW_L4_V1.17.0/Drivers/STM32L4xx_HAL_Driver/Inc/Legacy -IC:/Users/andre/STM32Cube/Repository/STM32Cube_FW_L4_V1.17.0/Drivers/CMSIS/Device/ST/STM32L4xx/Include -IC:/Users/andre/STM32Cube/Repository/STM32Cube_FW_L4_V1.17.0/Drivers/CMSIS/Include -O0 -ffunction-sections -fdata-sections -Wall -fstack-usage -MMD -MP -MF"Drivers/STM32L4xx_HAL_Driver/stm32l4xx_hal_pwr_ex.d" -MT"Drivers/STM32L4xx_HAL_Driver/stm32l4xx_hal_pwr_ex.o" --specs=nano.specs -mfpu=fpv4-sp-d16 -mfloat-abi=hard -mthumb -o "Drivers/STM32L4xx_HAL_Driver/stm32l4xx_hal_pwr_ex.o"
arm-none-eabi-gcc "C:/Users/andre/STM32Cube/Repository/STM32Cube_FW_L4_V1.17.0/Drivers/STM32L4xx_HAL_Driver/Src/stm32l4xx_hal_rcc.c" -mcpu=cortex-m4 -std=gnu11 -g3 -DDEBUG -DUSE_HAL_DRIVER -DSTM32L432xx -c -I../Core/Inc -IC:/Users/andre/STM32Cube/Repository/STM32Cube_FW_L4_V1.17.0/Drivers/STM32L4xx_HAL_Driver/Inc -IC:/Users/andre/STM32Cube/Repository/STM32Cube_FW_L4_V1.17.0/Drivers/STM32L4xx_HAL_Driver/Inc/Legacy -IC:/Users/andre/STM32Cube/Repository/STM32Cube_FW_L4_V1.17.0/Drivers/CMSIS/Device/ST/STM32L4xx/Include -IC:/Users/andre/STM32Cube/Repository/STM32Cube_FW_L4_V1.17.0/Drivers/CMSIS/Include -O0 -ffunction-sections -fdata-sections -Wall -fstack-usage -MMD -MP -MF"Drivers/STM32L4xx_HAL_Driver/stm32l4xx_hal_rcc.d" -MT"Drivers/STM32L4xx_HAL_Driver/stm32l4xx_hal_rcc.o" --specs=nano.specs -mfpu=fpv4-sp-d16 -mfloat-abi=hard -mthumb -o "Drivers/STM32L4xx_HAL_Driver/stm32l4xx_hal_rcc.o"
arm-none-eabi-gcc "C:/Users/andre/STM32Cube/Repository/STM32Cube_FW_L4_V1.17.0/Drivers/STM32L4xx_HAL_Driver/Src/stm32l4xx_hal_rcc_ex.c" -mcpu=cortex-m4 -std=gnu11 -g3 -DDEBUG -DUSE_HAL_DRIVER -DSTM32L432xx -c -I../Core/Inc -IC:/Users/andre/STM32Cube/Repository/STM32Cube_FW_L4_V1.17.0/Drivers/STM32L4xx_HAL_Driver/Inc -IC:/Users/andre/STM32Cube/Repository/STM32Cube_FW_L4_V1.17.0/Drivers/STM32L4xx_HAL_Driver/Inc/Legacy -IC:/Users/andre/STM32Cube/Repository/STM32Cube_FW_L4_V1.17.0/Drivers/CMSIS/Device/ST/STM32L4xx/Include -IC:/Users/andre/STM32Cube/Repository/STM32Cube_FW_L4_V1.17.0/Drivers/CMSIS/Include -O0 -ffunction-sections -fdata-sections -Wall -fstack-usage -MMD -MP -MF"Drivers/STM32L4xx_HAL_Driver/stm32l4xx_hal_rcc_ex.d" -MT"Drivers/STM32L4xx_HAL_Driver/stm32l4xx_hal_rcc_ex.o" --specs=nano.specs -mfpu=fpv4-sp-d16 -mfloat-abi=hard -mthumb -o "Drivers/STM32L4xx_HAL_Driver/stm32l4xx_hal_rcc_ex.o"
arm-none-eabi-gcc "C:/Users/andre/STM32Cube/Repository/STM32Cube_FW_L4_V1.17.0/Drivers/STM32L4xx_HAL_Driver/Src/stm32l4xx_hal_tim.c" -mcpu=cortex-m4 -std=gnu11 -g3 -DDEBUG -DUSE_HAL_DRIVER -DSTM32L432xx -c -I../Core/Inc -IC:/Users/andre/STM32Cube/Repository/STM32Cube_FW_L4_V1.17.0/Drivers/STM32L4xx_HAL_Driver/Inc -IC:/Users/andre/STM32Cube/Repository/STM32Cube_FW_L4_V1.17.0/Drivers/STM32L4xx_HAL_Driver/Inc/Legacy -IC:/Users/andre/STM32Cube/Repository/STM32Cube_FW_L4_V1.17.0/Drivers/CMSIS/Device/ST/STM32L4xx/Include -IC:/Users/andre/STM32Cube/Repository/STM32Cube_FW_L4_V1.17.0/Drivers/CMSIS/Include -O0 -ffunction-sections -fdata-sections -Wall -fstack-usage -MMD -MP -MF"Drivers/STM32L4xx_HAL_Driver/stm32l4xx_hal_tim.d" -MT"Drivers/STM32L4xx_HAL_Driver/stm32l4xx_hal_tim.o" --specs=nano.specs -mfpu=fpv4-sp-d16 -mfloat-abi=hard -mthumb -o "Drivers/STM32L4xx_HAL_Driver/stm32l4xx_hal_tim.o"
arm-none-eabi-gcc "C:/Users/andre/STM32Cube/Repository/STM32Cube_FW_L4_V1.17.0/Drivers/STM32L4xx_HAL_Driver/Src/stm32l4xx_hal_tim_ex.c" -mcpu=cortex-m4 -std=gnu11 -g3 -DDEBUG -DUSE_HAL_DRIVER -DSTM32L432xx -c -I../Core/Inc -IC:/Users/andre/STM32Cube/Repository/STM32Cube_FW_L4_V1.17.0/Drivers/STM32L4xx_HAL_Driver/Inc -IC:/Users/andre/STM32Cube/Repository/STM32Cube_FW_L4_V1.17.0/Drivers/STM32L4xx_HAL_Driver/Inc/Legacy -IC:/Users/andre/STM32Cube/Repository/STM32Cube_FW_L4_V1.17.0/Drivers/CMSIS/Device/ST/STM32L4xx/Include -IC:/Users/andre/STM32Cube/Repository/STM32Cube_FW_L4_V1.17.0/Drivers/CMSIS/Include -O0 -ffunction-sections -fdata-sections -Wall -fstack-usage -MMD -MP -MF"Drivers/STM32L4xx_HAL_Driver/stm32l4xx_hal_tim_ex.d" -MT"Drivers/STM32L4xx_HAL_Driver/stm32l4xx_hal_tim_ex.o" --specs=nano.specs -mfpu=fpv4-sp-d16 -mfloat-abi=hard -mthumb -o "Drivers/STM32L4xx_HAL_Driver/stm32l4xx_hal_tim_ex.o"
arm-none-eabi-gcc "../Core/Src/main.c" -mcpu=cortex-m4 -std=gnu11 -g3 -DDEBUG -DUSE_HAL_DRIVER -DSTM32L432xx -c -I../Core/Inc -IC:/Users/andre/STM32Cube/Repository/STM32Cube_FW_L4_V1.17.0/Drivers/STM32L4xx_HAL_Driver/Inc -IC:/Users/andre/STM32Cube/Repository/STM32Cube_FW_L4_V1.17.0/Drivers/STM32L4xx_HAL_Driver/Inc/Legacy -IC:/Users/andre/STM32Cube/Repository/STM32Cube_FW_L4_V1.17.0/Drivers/CMSIS/Device/ST/STM32L4xx/Include -IC:/Users/andre/STM32Cube/Repository/STM32Cube_FW_L4_V1.17.0/Drivers/CMSIS/Include -O0 -ffunction-sections -fdata-sections -Wall -fstack-usage -MMD -MP -MF"Core/Src/main.d" -MT"Core/Src/main.o" --specs=nano.specs -mfpu=fpv4-sp-d16 -mfloat-abi=hard -mthumb -o "Core/Src/main.o"
arm-none-eabi-gcc "../Core/Src/stm32l4xx_hal_msp.c" -mcpu=cortex-m4 -std=gnu11 -g3 -DDEBUG -DUSE_HAL_DRIVER -DSTM32L432xx -c -I../Core/Inc -IC:/Users/andre/STM32Cube/Repository/STM32Cube_FW_L4_V1.17.0/Drivers/STM32L4xx_HAL_Driver/Inc -IC:/Users/andre/STM32Cube/Repository/STM32Cube_FW_L4_V1.17.0/Drivers/STM32L4xx_HAL_Driver/Inc/Legacy -IC:/Users/andre/STM32Cube/Repository/STM32Cube_FW_L4_V1.17.0/Drivers/CMSIS/Device/ST/STM32L4xx/Include -IC:/Users/andre/STM32Cube/Repository/STM32Cube_FW_L4_V1.17.0/Drivers/CMSIS/Include -O0 -ffunction-sections -fdata-sections -Wall -fstack-usage -MMD -MP -MF"Core/Src/stm32l4xx_hal_msp.d" -MT"Core/Src/stm32l4xx_hal_msp.o" --specs=nano.specs -mfpu=fpv4-sp-d16 -mfloat-abi=hard -mthumb -o "Core/Src/stm32l4xx_hal_msp.o"
arm-none-eabi-gcc "../Core/Src/stm32l4xx_it.c" -mcpu=cortex-m4 -std=gnu11 -g3 -DDEBUG -DUSE_HAL_DRIVER -DSTM32L432xx -c -I../Core/Inc -IC:/Users/andre/STM32Cube/Repository/STM32Cube_FW_L4_V1.17.0/Drivers/STM32L4xx_HAL_Driver/Inc -IC:/Users/andre/STM32Cube/Repository/STM32Cube_FW_L4_V1.17.0/Drivers/STM32L4xx_HAL_Driver/Inc/Legacy -IC:/Users/andre/STM32Cube/Repository/STM32Cube_FW_L4_V1.17.0/Drivers/CMSIS/Device/ST/STM32L4xx/Include -IC:/Users/andre/STM32Cube/Repository/STM32Cube_FW_L4_V1.17.0/Drivers/CMSIS/Include -O0 -ffunction-sections -fdata-sections -Wall -fstack-usage -MMD -MP -MF"Core/Src/stm32l4xx_it.d" -MT"Core/Src/stm32l4xx_it.o" --specs=nano.specs -mfpu=fpv4-sp-d16 -mfloat-abi=hard -mthumb -o "Core/Src/stm32l4xx_it.o"
arm-none-eabi-gcc "../Core/Src/system_stm32l4xx.c" -mcpu=cortex-m4 -std=gnu11 -g3 -DDEBUG -DUSE_HAL_DRIVER -DSTM32L432xx -c -I../Core/Inc -IC:/Users/andre/STM32Cube/Repository/STM32Cube_FW_L4_V1.17.0/Drivers/STM32L4xx_HAL_Driver/Inc -IC:/Users/andre/STM32Cube/Repository/STM32Cube_FW_L4_V1.17.0/Drivers/STM32L4xx_HAL_Driver/Inc/Legacy -IC:/Users/andre/STM32Cube/Repository/STM32Cube_FW_L4_V1.17.0/Drivers/CMSIS/Device/ST/STM32L4xx/Include -IC:/Users/andre/STM32Cube/Repository/STM32Cube_FW_L4_V1.17.0/Drivers/CMSIS/Include -O0 -ffunction-sections -fdata-sections -Wall -fstack-usage -MMD -MP -MF"Core/Src/system_stm32l4xx.d" -MT"Core/Src/system_stm32l4xx.o" --specs=nano.specs -mfpu=fpv4-sp-d16 -mfloat-abi=hard -mthumb -o "Core/Src/system_stm32l4xx.o"
arm-none-eabi-gcc -o "nucleo-L432KC-blink2.elf" @"objects.list"   -mcpu=cortex-m4 -T"C:\Users\andre\Desktop\CpE 185\Labs\LAB 2\FRESH START\nucleo-L432KC-blink2\STM32L432KCUX_FLASH.ld" --specs=nosys.specs -Wl,-Map="nucleo-L432KC-blink2.map" -Wl,--gc-sections -static --specs=nano.specs -mfpu=fpv4-sp-d16 -mfloat-abi=hard -mthumb -Wl,--start-group -lc -lm -Wl,--end-group
Finished building target: nucleo-L432KC-blink2.elf
 
arm-none-eabi-size   nucleo-L432KC-blink2.elf 
arm-none-eabi-objdump -h -S  nucleo-L432KC-blink2.elf  > "nucleo-L432KC-blink2.list"
   text	   data	    bss	    dec	    hex	filename
   6328	     20	   1572	   7920	   1ef0	nucleo-L432KC-blink2.elf
arm-none-eabi-objcopy  -O binary  nucleo-L432KC-blink2.elf  "nucleo-L432KC-blink2.bin"
Finished building: default.size.stdout
 
Finished building: nucleo-L432KC-blink2.list
Finished building: nucleo-L432KC-blink2.bin
 
 
21:05:35 **** Incremental Build of configuration Debug for project nucleo-L432KC-blink2 ****
make -j8 all 
arm-none-eabi-size   nucleo-L432KC-blink2.elf 
   text	   data	    bss	    dec	    hex	filename
   6328	     20	   1572	   7920	   1ef0	nucleo-L432KC-blink2.elf
Finished building: default.size.stdout
 
21:06:02 **** Incremental Build of configuration Debug for project nucleo-L432KC-blink2 ****
make -j8 all 
arm-none-eabi-size   nucleo-L432KC-blink2.elf 
   text	   data	    bss	    dec	    hex	filename
   6328	     20	   1572	   7920	   1ef0	nucleo-L432KC-blink2.elf
Finished building: default.size.stdout
 
21:13:27 **** Incremental Build of configuration Debug for project nucleo-L432KC-blink2 ****
make -j8 all 
arm-none-eabi-gcc "../Core/Src/stm32l4xx_it.c" -mcpu=cortex-m4 -std=gnu11 -g3 -DDEBUG -DUSE_HAL_DRIVER -DSTM32L432xx -c -I../Core/Inc -IC:/Users/andre/STM32Cube/Repository/STM32Cube_FW_L4_V1.17.0/Drivers/STM32L4xx_HAL_Driver/Inc -IC:/Users/andre/STM32Cube/Repository/STM32Cube_FW_L4_V1.17.0/Drivers/STM32L4xx_HAL_Driver/Inc/Legacy -IC:/Users/andre/STM32Cube/Repository/STM32Cube_FW_L4_V1.17.0/Drivers/CMSIS/Device/ST/STM32L4xx/Include -IC:/Users/andre/STM32Cube/Repository/STM32Cube_FW_L4_V1.17.0/Drivers/CMSIS/Include -O0 -ffunction-sections -fdata-sections -Wall -fstack-usage -MMD -MP -MF"Core/Src/stm32l4xx_it.d" -MT"Core/Src/stm32l4xx_it.o" --specs=nano.specs -mfpu=fpv4-sp-d16 -mfloat-abi=hard -mthumb -o "Core/Src/stm32l4xx_it.o"
arm-none-eabi-gcc -o "nucleo-L432KC-blink2.elf" @"objects.list"   -mcpu=cortex-m4 -T"C:\Users\andre\Desktop\CpE 185\Labs\LAB 2\FRESH START\nucleo-L432KC-blink2\STM32L432KCUX_FLASH.ld" --specs=nosys.specs -Wl,-Map="nucleo-L432KC-blink2.map" -Wl,--gc-sections -static --specs=nano.specs -mfpu=fpv4-sp-d16 -mfloat-abi=hard -mthumb -Wl,--start-group -lc -lm -Wl,--end-group
Finished building target: nucleo-L432KC-blink2.elf
 
arm-none-eabi-size   nucleo-L432KC-blink2.elf 
arm-none-eabi-objdump -h -S  nucleo-L432KC-blink2.elf  > "nucleo-L432KC-blink2.list"
   text	   data	    bss	    dec	    hex	filename
   6392	     20	   1572	   7984	   1f30	nucleo-L432KC-blink2.elf
arm-none-eabi-objcopy  -O binary  nucleo-L432KC-blink2.elf  "nucleo-L432KC-blink2.bin"
Finished building: default.size.stdout
 
Finished building: nucleo-L432KC-blink2.list
 
Finished building: nucleo-L432KC-blink2.bin
 
21:14:24 **** Incremental Build of configuration Debug for project nucleo-L432KC-blink2 ****
make -j8 all 
arm-none-eabi-size   nucleo-L432KC-blink2.elf 
   text	   data	    bss	    dec	    hex	filename
   6392	     20	   1572	   7984	   1f30	nucleo-L432KC-blink2.elf
Finished building: default.size.stdout
 
21:33:51 **** Incremental Build of configuration Debug for project nucleo-L432KC-blink2 ****
make -j8 all 
arm-none-eabi-gcc "C:/Users/andre/STM32Cube/Repository/STM32Cube_FW_L4_V1.17.0/Drivers/STM32L4xx_HAL_Driver/Src/stm32l4xx_hal.c" -mcpu=cortex-m4 -std=gnu11 -g3 -DDEBUG -DUSE_HAL_DRIVER -DSTM32L432xx -c -I../Core/Inc -IC:/Users/andre/STM32Cube/Repository/STM32Cube_FW_L4_V1.17.0/Drivers/STM32L4xx_HAL_Driver/Inc -IC:/Users/andre/STM32Cube/Repository/STM32Cube_FW_L4_V1.17.0/Drivers/STM32L4xx_HAL_Driver/Inc/Legacy -IC:/Users/andre/STM32Cube/Repository/STM32Cube_FW_L4_V1.17.0/Drivers/CMSIS/Device/ST/STM32L4xx/Include -IC:/Users/andre/STM32Cube/Repository/STM32Cube_FW_L4_V1.17.0/Drivers/CMSIS/Include -O0 -ffunction-sections -fdata-sections -Wall -fstack-usage -MMD -MP -MF"Drivers/STM32L4xx_HAL_Driver/stm32l4xx_hal.d" -MT"Drivers/STM32L4xx_HAL_Driver/stm32l4xx_hal.o" --specs=nano.specs -mfpu=fpv4-sp-d16 -mfloat-abi=hard -mthumb -o "Drivers/STM32L4xx_HAL_Driver/stm32l4xx_hal.o"
arm-none-eabi-gcc "C:/Users/andre/STM32Cube/Repository/STM32Cube_FW_L4_V1.17.0/Drivers/STM32L4xx_HAL_Driver/Src/stm32l4xx_hal_cortex.c" -mcpu=cortex-m4 -std=gnu11 -g3 -DDEBUG -DUSE_HAL_DRIVER -DSTM32L432xx -c -I../Core/Inc -IC:/Users/andre/STM32Cube/Repository/STM32Cube_FW_L4_V1.17.0/Drivers/STM32L4xx_HAL_Driver/Inc -IC:/Users/andre/STM32Cube/Repository/STM32Cube_FW_L4_V1.17.0/Drivers/STM32L4xx_HAL_Driver/Inc/Legacy -IC:/Users/andre/STM32Cube/Repository/STM32Cube_FW_L4_V1.17.0/Drivers/CMSIS/Device/ST/STM32L4xx/Include -IC:/Users/andre/STM32Cube/Repository/STM32Cube_FW_L4_V1.17.0/Drivers/CMSIS/Include -O0 -ffunction-sections -fdata-sections -Wall -fstack-usage -MMD -MP -MF"Drivers/STM32L4xx_HAL_Driver/stm32l4xx_hal_cortex.d" -MT"Drivers/STM32L4xx_HAL_Driver/stm32l4xx_hal_cortex.o" --specs=nano.specs -mfpu=fpv4-sp-d16 -mfloat-abi=hard -mthumb -o "Drivers/STM32L4xx_HAL_Driver/stm32l4xx_hal_cortex.o"
arm-none-eabi-gcc "C:/Users/andre/STM32Cube/Repository/STM32Cube_FW_L4_V1.17.0/Drivers/STM32L4xx_HAL_Driver/Src/stm32l4xx_hal_dma.c" -mcpu=cortex-m4 -std=gnu11 -g3 -DDEBUG -DUSE_HAL_DRIVER -DSTM32L432xx -c -I../Core/Inc -IC:/Users/andre/STM32Cube/Repository/STM32Cube_FW_L4_V1.17.0/Drivers/STM32L4xx_HAL_Driver/Inc -IC:/Users/andre/STM32Cube/Repository/STM32Cube_FW_L4_V1.17.0/Drivers/STM32L4xx_HAL_Driver/Inc/Legacy -IC:/Users/andre/STM32Cube/Repository/STM32Cube_FW_L4_V1.17.0/Drivers/CMSIS/Device/ST/STM32L4xx/Include -IC:/Users/andre/STM32Cube/Repository/STM32Cube_FW_L4_V1.17.0/Drivers/CMSIS/Include -O0 -ffunction-sections -fdata-sections -Wall -fstack-usage -MMD -MP -MF"Drivers/STM32L4xx_HAL_Driver/stm32l4xx_hal_dma.d" -MT"Drivers/STM32L4xx_HAL_Driver/stm32l4xx_hal_dma.o" --specs=nano.specs -mfpu=fpv4-sp-d16 -mfloat-abi=hard -mthumb -o "Drivers/STM32L4xx_HAL_Driver/stm32l4xx_hal_dma.o"
arm-none-eabi-gcc "C:/Users/andre/STM32Cube/Repository/STM32Cube_FW_L4_V1.17.0/Drivers/STM32L4xx_HAL_Driver/Src/stm32l4xx_hal_dma_ex.c" -mcpu=cortex-m4 -std=gnu11 -g3 -DDEBUG -DUSE_HAL_DRIVER -DSTM32L432xx -c -I../Core/Inc -IC:/Users/andre/STM32Cube/Repository/STM32Cube_FW_L4_V1.17.0/Drivers/STM32L4xx_HAL_Driver/Inc -IC:/Users/andre/STM32Cube/Repository/STM32Cube_FW_L4_V1.17.0/Drivers/STM32L4xx_HAL_Driver/Inc/Legacy -IC:/Users/andre/STM32Cube/Repository/STM32Cube_FW_L4_V1.17.0/Drivers/CMSIS/Device/ST/STM32L4xx/Include -IC:/Users/andre/STM32Cube/Repository/STM32Cube_FW_L4_V1.17.0/Drivers/CMSIS/Include -O0 -ffunction-sections -fdata-sections -Wall -fstack-usage -MMD -MP -MF"Drivers/STM32L4xx_HAL_Driver/stm32l4xx_hal_dma_ex.d" -MT"Drivers/STM32L4xx_HAL_Driver/stm32l4xx_hal_dma_ex.o" --specs=nano.specs -mfpu=fpv4-sp-d16 -mfloat-abi=hard -mthumb -o "Drivers/STM32L4xx_HAL_Driver/stm32l4xx_hal_dma_ex.o"
arm-none-eabi-gcc "C:/Users/andre/STM32Cube/Repository/STM32Cube_FW_L4_V1.17.0/Drivers/STM32L4xx_HAL_Driver/Src/stm32l4xx_hal_exti.c" -mcpu=cortex-m4 -std=gnu11 -g3 -DDEBUG -DUSE_HAL_DRIVER -DSTM32L432xx -c -I../Core/Inc -IC:/Users/andre/STM32Cube/Repository/STM32Cube_FW_L4_V1.17.0/Drivers/STM32L4xx_HAL_Driver/Inc -IC:/Users/andre/STM32Cube/Repository/STM32Cube_FW_L4_V1.17.0/Drivers/STM32L4xx_HAL_Driver/Inc/Legacy -IC:/Users/andre/STM32Cube/Repository/STM32Cube_FW_L4_V1.17.0/Drivers/CMSIS/Device/ST/STM32L4xx/Include -IC:/Users/andre/STM32Cube/Repository/STM32Cube_FW_L4_V1.17.0/Drivers/CMSIS/Include -O0 -ffunction-sections -fdata-sections -Wall -fstack-usage -MMD -MP -MF"Drivers/STM32L4xx_HAL_Driver/stm32l4xx_hal_exti.d" -MT"Drivers/STM32L4xx_HAL_Driver/stm32l4xx_hal_exti.o" --specs=nano.specs -mfpu=fpv4-sp-d16 -mfloat-abi=hard -mthumb -o "Drivers/STM32L4xx_HAL_Driver/stm32l4xx_hal_exti.o"
arm-none-eabi-gcc "C:/Users/andre/STM32Cube/Repository/STM32Cube_FW_L4_V1.17.0/Drivers/STM32L4xx_HAL_Driver/Src/stm32l4xx_hal_flash.c" -mcpu=cortex-m4 -std=gnu11 -g3 -DDEBUG -DUSE_HAL_DRIVER -DSTM32L432xx -c -I../Core/Inc -IC:/Users/andre/STM32Cube/Repository/STM32Cube_FW_L4_V1.17.0/Drivers/STM32L4xx_HAL_Driver/Inc -IC:/Users/andre/STM32Cube/Repository/STM32Cube_FW_L4_V1.17.0/Drivers/STM32L4xx_HAL_Driver/Inc/Legacy -IC:/Users/andre/STM32Cube/Repository/STM32Cube_FW_L4_V1.17.0/Drivers/CMSIS/Device/ST/STM32L4xx/Include -IC:/Users/andre/STM32Cube/Repository/STM32Cube_FW_L4_V1.17.0/Drivers/CMSIS/Include -O0 -ffunction-sections -fdata-sections -Wall -fstack-usage -MMD -MP -MF"Drivers/STM32L4xx_HAL_Driver/stm32l4xx_hal_flash.d" -MT"Drivers/STM32L4xx_HAL_Driver/stm32l4xx_hal_flash.o" --specs=nano.specs -mfpu=fpv4-sp-d16 -mfloat-abi=hard -mthumb -o "Drivers/STM32L4xx_HAL_Driver/stm32l4xx_hal_flash.o"
arm-none-eabi-gcc "C:/Users/andre/STM32Cube/Repository/STM32Cube_FW_L4_V1.17.0/Drivers/STM32L4xx_HAL_Driver/Src/stm32l4xx_hal_flash_ex.c" -mcpu=cortex-m4 -std=gnu11 -g3 -DDEBUG -DUSE_HAL_DRIVER -DSTM32L432xx -c -I../Core/Inc -IC:/Users/andre/STM32Cube/Repository/STM32Cube_FW_L4_V1.17.0/Drivers/STM32L4xx_HAL_Driver/Inc -IC:/Users/andre/STM32Cube/Repository/STM32Cube_FW_L4_V1.17.0/Drivers/STM32L4xx_HAL_Driver/Inc/Legacy -IC:/Users/andre/STM32Cube/Repository/STM32Cube_FW_L4_V1.17.0/Drivers/CMSIS/Device/ST/STM32L4xx/Include -IC:/Users/andre/STM32Cube/Repository/STM32Cube_FW_L4_V1.17.0/Drivers/CMSIS/Include -O0 -ffunction-sections -fdata-sections -Wall -fstack-usage -MMD -MP -MF"Drivers/STM32L4xx_HAL_Driver/stm32l4xx_hal_flash_ex.d" -MT"Drivers/STM32L4xx_HAL_Driver/stm32l4xx_hal_flash_ex.o" --specs=nano.specs -mfpu=fpv4-sp-d16 -mfloat-abi=hard -mthumb -o "Drivers/STM32L4xx_HAL_Driver/stm32l4xx_hal_flash_ex.o"
arm-none-eabi-gcc "C:/Users/andre/STM32Cube/Repository/STM32Cube_FW_L4_V1.17.0/Drivers/STM32L4xx_HAL_Driver/Src/stm32l4xx_hal_flash_ramfunc.c" -mcpu=cortex-m4 -std=gnu11 -g3 -DDEBUG -DUSE_HAL_DRIVER -DSTM32L432xx -c -I../Core/Inc -IC:/Users/andre/STM32Cube/Repository/STM32Cube_FW_L4_V1.17.0/Drivers/STM32L4xx_HAL_Driver/Inc -IC:/Users/andre/STM32Cube/Repository/STM32Cube_FW_L4_V1.17.0/Drivers/STM32L4xx_HAL_Driver/Inc/Legacy -IC:/Users/andre/STM32Cube/Repository/STM32Cube_FW_L4_V1.17.0/Drivers/CMSIS/Device/ST/STM32L4xx/Include -IC:/Users/andre/STM32Cube/Repository/STM32Cube_FW_L4_V1.17.0/Drivers/CMSIS/Include -O0 -ffunction-sections -fdata-sections -Wall -fstack-usage -MMD -MP -MF"Drivers/STM32L4xx_HAL_Driver/stm32l4xx_hal_flash_ramfunc.d" -MT"Drivers/STM32L4xx_HAL_Driver/stm32l4xx_hal_flash_ramfunc.o" --specs=nano.specs -mfpu=fpv4-sp-d16 -mfloat-abi=hard -mthumb -o "Drivers/STM32L4xx_HAL_Driver/stm32l4xx_hal_flash_ramfunc.o"
arm-none-eabi-gcc "C:/Users/andre/STM32Cube/Repository/STM32Cube_FW_L4_V1.17.0/Drivers/STM32L4xx_HAL_Driver/Src/stm32l4xx_hal_gpio.c" -mcpu=cortex-m4 -std=gnu11 -g3 -DDEBUG -DUSE_HAL_DRIVER -DSTM32L432xx -c -I../Core/Inc -IC:/Users/andre/STM32Cube/Repository/STM32Cube_FW_L4_V1.17.0/Drivers/STM32L4xx_HAL_Driver/Inc -IC:/Users/andre/STM32Cube/Repository/STM32Cube_FW_L4_V1.17.0/Drivers/STM32L4xx_HAL_Driver/Inc/Legacy -IC:/Users/andre/STM32Cube/Repository/STM32Cube_FW_L4_V1.17.0/Drivers/CMSIS/Device/ST/STM32L4xx/Include -IC:/Users/andre/STM32Cube/Repository/STM32Cube_FW_L4_V1.17.0/Drivers/CMSIS/Include -O0 -ffunction-sections -fdata-sections -Wall -fstack-usage -MMD -MP -MF"Drivers/STM32L4xx_HAL_Driver/stm32l4xx_hal_gpio.d" -MT"Drivers/STM32L4xx_HAL_Driver/stm32l4xx_hal_gpio.o" --specs=nano.specs -mfpu=fpv4-sp-d16 -mfloat-abi=hard -mthumb -o "Drivers/STM32L4xx_HAL_Driver/stm32l4xx_hal_gpio.o"
arm-none-eabi-gcc "C:/Users/andre/STM32Cube/Repository/STM32Cube_FW_L4_V1.17.0/Drivers/STM32L4xx_HAL_Driver/Src/stm32l4xx_hal_i2c.c" -mcpu=cortex-m4 -std=gnu11 -g3 -DDEBUG -DUSE_HAL_DRIVER -DSTM32L432xx -c -I../Core/Inc -IC:/Users/andre/STM32Cube/Repository/STM32Cube_FW_L4_V1.17.0/Drivers/STM32L4xx_HAL_Driver/Inc -IC:/Users/andre/STM32Cube/Repository/STM32Cube_FW_L4_V1.17.0/Drivers/STM32L4xx_HAL_Driver/Inc/Legacy -IC:/Users/andre/STM32Cube/Repository/STM32Cube_FW_L4_V1.17.0/Drivers/CMSIS/Device/ST/STM32L4xx/Include -IC:/Users/andre/STM32Cube/Repository/STM32Cube_FW_L4_V1.17.0/Drivers/CMSIS/Include -O0 -ffunction-sections -fdata-sections -Wall -fstack-usage -MMD -MP -MF"Drivers/STM32L4xx_HAL_Driver/stm32l4xx_hal_i2c.d" -MT"Drivers/STM32L4xx_HAL_Driver/stm32l4xx_hal_i2c.o" --specs=nano.specs -mfpu=fpv4-sp-d16 -mfloat-abi=hard -mthumb -o "Drivers/STM32L4xx_HAL_Driver/stm32l4xx_hal_i2c.o"
arm-none-eabi-gcc "C:/Users/andre/STM32Cube/Repository/STM32Cube_FW_L4_V1.17.0/Drivers/STM32L4xx_HAL_Driver/Src/stm32l4xx_hal_i2c_ex.c" -mcpu=cortex-m4 -std=gnu11 -g3 -DDEBUG -DUSE_HAL_DRIVER -DSTM32L432xx -c -I../Core/Inc -IC:/Users/andre/STM32Cube/Repository/STM32Cube_FW_L4_V1.17.0/Drivers/STM32L4xx_HAL_Driver/Inc -IC:/Users/andre/STM32Cube/Repository/STM32Cube_FW_L4_V1.17.0/Drivers/STM32L4xx_HAL_Driver/Inc/Legacy -IC:/Users/andre/STM32Cube/Repository/STM32Cube_FW_L4_V1.17.0/Drivers/CMSIS/Device/ST/STM32L4xx/Include -IC:/Users/andre/STM32Cube/Repository/STM32Cube_FW_L4_V1.17.0/Drivers/CMSIS/Include -O0 -ffunction-sections -fdata-sections -Wall -fstack-usage -MMD -MP -MF"Drivers/STM32L4xx_HAL_Driver/stm32l4xx_hal_i2c_ex.d" -MT"Drivers/STM32L4xx_HAL_Driver/stm32l4xx_hal_i2c_ex.o" --specs=nano.specs -mfpu=fpv4-sp-d16 -mfloat-abi=hard -mthumb -o "Drivers/STM32L4xx_HAL_Driver/stm32l4xx_hal_i2c_ex.o"
arm-none-eabi-gcc "C:/Users/andre/STM32Cube/Repository/STM32Cube_FW_L4_V1.17.0/Drivers/STM32L4xx_HAL_Driver/Src/stm32l4xx_hal_pwr.c" -mcpu=cortex-m4 -std=gnu11 -g3 -DDEBUG -DUSE_HAL_DRIVER -DSTM32L432xx -c -I../Core/Inc -IC:/Users/andre/STM32Cube/Repository/STM32Cube_FW_L4_V1.17.0/Drivers/STM32L4xx_HAL_Driver/Inc -IC:/Users/andre/STM32Cube/Repository/STM32Cube_FW_L4_V1.17.0/Drivers/STM32L4xx_HAL_Driver/Inc/Legacy -IC:/Users/andre/STM32Cube/Repository/STM32Cube_FW_L4_V1.17.0/Drivers/CMSIS/Device/ST/STM32L4xx/Include -IC:/Users/andre/STM32Cube/Repository/STM32Cube_FW_L4_V1.17.0/Drivers/CMSIS/Include -O0 -ffunction-sections -fdata-sections -Wall -fstack-usage -MMD -MP -MF"Drivers/STM32L4xx_HAL_Driver/stm32l4xx_hal_pwr.d" -MT"Drivers/STM32L4xx_HAL_Driver/stm32l4xx_hal_pwr.o" --specs=nano.specs -mfpu=fpv4-sp-d16 -mfloat-abi=hard -mthumb -o "Drivers/STM32L4xx_HAL_Driver/stm32l4xx_hal_pwr.o"
arm-none-eabi-gcc "C:/Users/andre/STM32Cube/Repository/STM32Cube_FW_L4_V1.17.0/Drivers/STM32L4xx_HAL_Driver/Src/stm32l4xx_hal_pwr_ex.c" -mcpu=cortex-m4 -std=gnu11 -g3 -DDEBUG -DUSE_HAL_DRIVER -DSTM32L432xx -c -I../Core/Inc -IC:/Users/andre/STM32Cube/Repository/STM32Cube_FW_L4_V1.17.0/Drivers/STM32L4xx_HAL_Driver/Inc -IC:/Users/andre/STM32Cube/Repository/STM32Cube_FW_L4_V1.17.0/Drivers/STM32L4xx_HAL_Driver/Inc/Legacy -IC:/Users/andre/STM32Cube/Repository/STM32Cube_FW_L4_V1.17.0/Drivers/CMSIS/Device/ST/STM32L4xx/Include -IC:/Users/andre/STM32Cube/Repository/STM32Cube_FW_L4_V1.17.0/Drivers/CMSIS/Include -O0 -ffunction-sections -fdata-sections -Wall -fstack-usage -MMD -MP -MF"Drivers/STM32L4xx_HAL_Driver/stm32l4xx_hal_pwr_ex.d" -MT"Drivers/STM32L4xx_HAL_Driver/stm32l4xx_hal_pwr_ex.o" --specs=nano.specs -mfpu=fpv4-sp-d16 -mfloat-abi=hard -mthumb -o "Drivers/STM32L4xx_HAL_Driver/stm32l4xx_hal_pwr_ex.o"
arm-none-eabi-gcc "C:/Users/andre/STM32Cube/Repository/STM32Cube_FW_L4_V1.17.0/Drivers/STM32L4xx_HAL_Driver/Src/stm32l4xx_hal_rcc.c" -mcpu=cortex-m4 -std=gnu11 -g3 -DDEBUG -DUSE_HAL_DRIVER -DSTM32L432xx -c -I../Core/Inc -IC:/Users/andre/STM32Cube/Repository/STM32Cube_FW_L4_V1.17.0/Drivers/STM32L4xx_HAL_Driver/Inc -IC:/Users/andre/STM32Cube/Repository/STM32Cube_FW_L4_V1.17.0/Drivers/STM32L4xx_HAL_Driver/Inc/Legacy -IC:/Users/andre/STM32Cube/Repository/STM32Cube_FW_L4_V1.17.0/Drivers/CMSIS/Device/ST/STM32L4xx/Include -IC:/Users/andre/STM32Cube/Repository/STM32Cube_FW_L4_V1.17.0/Drivers/CMSIS/Include -O0 -ffunction-sections -fdata-sections -Wall -fstack-usage -MMD -MP -MF"Drivers/STM32L4xx_HAL_Driver/stm32l4xx_hal_rcc.d" -MT"Drivers/STM32L4xx_HAL_Driver/stm32l4xx_hal_rcc.o" --specs=nano.specs -mfpu=fpv4-sp-d16 -mfloat-abi=hard -mthumb -o "Drivers/STM32L4xx_HAL_Driver/stm32l4xx_hal_rcc.o"
arm-none-eabi-gcc "C:/Users/andre/STM32Cube/Repository/STM32Cube_FW_L4_V1.17.0/Drivers/STM32L4xx_HAL_Driver/Src/stm32l4xx_hal_rcc_ex.c" -mcpu=cortex-m4 -std=gnu11 -g3 -DDEBUG -DUSE_HAL_DRIVER -DSTM32L432xx -c -I../Core/Inc -IC:/Users/andre/STM32Cube/Repository/STM32Cube_FW_L4_V1.17.0/Drivers/STM32L4xx_HAL_Driver/Inc -IC:/Users/andre/STM32Cube/Repository/STM32Cube_FW_L4_V1.17.0/Drivers/STM32L4xx_HAL_Driver/Inc/Legacy -IC:/Users/andre/STM32Cube/Repository/STM32Cube_FW_L4_V1.17.0/Drivers/CMSIS/Device/ST/STM32L4xx/Include -IC:/Users/andre/STM32Cube/Repository/STM32Cube_FW_L4_V1.17.0/Drivers/CMSIS/Include -O0 -ffunction-sections -fdata-sections -Wall -fstack-usage -MMD -MP -MF"Drivers/STM32L4xx_HAL_Driver/stm32l4xx_hal_rcc_ex.d" -MT"Drivers/STM32L4xx_HAL_Driver/stm32l4xx_hal_rcc_ex.o" --specs=nano.specs -mfpu=fpv4-sp-d16 -mfloat-abi=hard -mthumb -o "Drivers/STM32L4xx_HAL_Driver/stm32l4xx_hal_rcc_ex.o"
arm-none-eabi-gcc "C:/Users/andre/STM32Cube/Repository/STM32Cube_FW_L4_V1.17.0/Drivers/STM32L4xx_HAL_Driver/Src/stm32l4xx_hal_tim.c" -mcpu=cortex-m4 -std=gnu11 -g3 -DDEBUG -DUSE_HAL_DRIVER -DSTM32L432xx -c -I../Core/Inc -IC:/Users/andre/STM32Cube/Repository/STM32Cube_FW_L4_V1.17.0/Drivers/STM32L4xx_HAL_Driver/Inc -IC:/Users/andre/STM32Cube/Repository/STM32Cube_FW_L4_V1.17.0/Drivers/STM32L4xx_HAL_Driver/Inc/Legacy -IC:/Users/andre/STM32Cube/Repository/STM32Cube_FW_L4_V1.17.0/Drivers/CMSIS/Device/ST/STM32L4xx/Include -IC:/Users/andre/STM32Cube/Repository/STM32Cube_FW_L4_V1.17.0/Drivers/CMSIS/Include -O0 -ffunction-sections -fdata-sections -Wall -fstack-usage -MMD -MP -MF"Drivers/STM32L4xx_HAL_Driver/stm32l4xx_hal_tim.d" -MT"Drivers/STM32L4xx_HAL_Driver/stm32l4xx_hal_tim.o" --specs=nano.specs -mfpu=fpv4-sp-d16 -mfloat-abi=hard -mthumb -o "Drivers/STM32L4xx_HAL_Driver/stm32l4xx_hal_tim.o"
arm-none-eabi-gcc "C:/Users/andre/STM32Cube/Repository/STM32Cube_FW_L4_V1.17.0/Drivers/STM32L4xx_HAL_Driver/Src/stm32l4xx_hal_tim_ex.c" -mcpu=cortex-m4 -std=gnu11 -g3 -DDEBUG -DUSE_HAL_DRIVER -DSTM32L432xx -c -I../Core/Inc -IC:/Users/andre/STM32Cube/Repository/STM32Cube_FW_L4_V1.17.0/Drivers/STM32L4xx_HAL_Driver/Inc -IC:/Users/andre/STM32Cube/Repository/STM32Cube_FW_L4_V1.17.0/Drivers/STM32L4xx_HAL_Driver/Inc/Legacy -IC:/Users/andre/STM32Cube/Repository/STM32Cube_FW_L4_V1.17.0/Drivers/CMSIS/Device/ST/STM32L4xx/Include -IC:/Users/andre/STM32Cube/Repository/STM32Cube_FW_L4_V1.17.0/Drivers/CMSIS/Include -O0 -ffunction-sections -fdata-sections -Wall -fstack-usage -MMD -MP -MF"Drivers/STM32L4xx_HAL_Driver/stm32l4xx_hal_tim_ex.d" -MT"Drivers/STM32L4xx_HAL_Driver/stm32l4xx_hal_tim_ex.o" --specs=nano.specs -mfpu=fpv4-sp-d16 -mfloat-abi=hard -mthumb -o "Drivers/STM32L4xx_HAL_Driver/stm32l4xx_hal_tim_ex.o"
arm-none-eabi-gcc "../Core/Src/main.c" -mcpu=cortex-m4 -std=gnu11 -g3 -DDEBUG -DUSE_HAL_DRIVER -DSTM32L432xx -c -I../Core/Inc -IC:/Users/andre/STM32Cube/Repository/STM32Cube_FW_L4_V1.17.0/Drivers/STM32L4xx_HAL_Driver/Inc -IC:/Users/andre/STM32Cube/Repository/STM32Cube_FW_L4_V1.17.0/Drivers/STM32L4xx_HAL_Driver/Inc/Legacy -IC:/Users/andre/STM32Cube/Repository/STM32Cube_FW_L4_V1.17.0/Drivers/CMSIS/Device/ST/STM32L4xx/Include -IC:/Users/andre/STM32Cube/Repository/STM32Cube_FW_L4_V1.17.0/Drivers/CMSIS/Include -O0 -ffunction-sections -fdata-sections -Wall -fstack-usage -MMD -MP -MF"Core/Src/main.d" -MT"Core/Src/main.o" --specs=nano.specs -mfpu=fpv4-sp-d16 -mfloat-abi=hard -mthumb -o "Core/Src/main.o"
arm-none-eabi-gcc "../Core/Src/stm32l4xx_hal_msp.c" -mcpu=cortex-m4 -std=gnu11 -g3 -DDEBUG -DUSE_HAL_DRIVER -DSTM32L432xx -c -I../Core/Inc -IC:/Users/andre/STM32Cube/Repository/STM32Cube_FW_L4_V1.17.0/Drivers/STM32L4xx_HAL_Driver/Inc -IC:/Users/andre/STM32Cube/Repository/STM32Cube_FW_L4_V1.17.0/Drivers/STM32L4xx_HAL_Driver/Inc/Legacy -IC:/Users/andre/STM32Cube/Repository/STM32Cube_FW_L4_V1.17.0/Drivers/CMSIS/Device/ST/STM32L4xx/Include -IC:/Users/andre/STM32Cube/Repository/STM32Cube_FW_L4_V1.17.0/Drivers/CMSIS/Include -O0 -ffunction-sections -fdata-sections -Wall -fstack-usage -MMD -MP -MF"Core/Src/stm32l4xx_hal_msp.d" -MT"Core/Src/stm32l4xx_hal_msp.o" --specs=nano.specs -mfpu=fpv4-sp-d16 -mfloat-abi=hard -mthumb -o "Core/Src/stm32l4xx_hal_msp.o"
arm-none-eabi-gcc "../Core/Src/stm32l4xx_it.c" -mcpu=cortex-m4 -std=gnu11 -g3 -DDEBUG -DUSE_HAL_DRIVER -DSTM32L432xx -c -I../Core/Inc -IC:/Users/andre/STM32Cube/Repository/STM32Cube_FW_L4_V1.17.0/Drivers/STM32L4xx_HAL_Driver/Inc -IC:/Users/andre/STM32Cube/Repository/STM32Cube_FW_L4_V1.17.0/Drivers/STM32L4xx_HAL_Driver/Inc/Legacy -IC:/Users/andre/STM32Cube/Repository/STM32Cube_FW_L4_V1.17.0/Drivers/CMSIS/Device/ST/STM32L4xx/Include -IC:/Users/andre/STM32Cube/Repository/STM32Cube_FW_L4_V1.17.0/Drivers/CMSIS/Include -O0 -ffunction-sections -fdata-sections -Wall -fstack-usage -MMD -MP -MF"Core/Src/stm32l4xx_it.d" -MT"Core/Src/stm32l4xx_it.o" --specs=nano.specs -mfpu=fpv4-sp-d16 -mfloat-abi=hard -mthumb -o "Core/Src/stm32l4xx_it.o"
arm-none-eabi-gcc "../Core/Src/system_stm32l4xx.c" -mcpu=cortex-m4 -std=gnu11 -g3 -DDEBUG -DUSE_HAL_DRIVER -DSTM32L432xx -c -I../Core/Inc -IC:/Users/andre/STM32Cube/Repository/STM32Cube_FW_L4_V1.17.0/Drivers/STM32L4xx_HAL_Driver/Inc -IC:/Users/andre/STM32Cube/Repository/STM32Cube_FW_L4_V1.17.0/Drivers/STM32L4xx_HAL_Driver/Inc/Legacy -IC:/Users/andre/STM32Cube/Repository/STM32Cube_FW_L4_V1.17.0/Drivers/CMSIS/Device/ST/STM32L4xx/Include -IC:/Users/andre/STM32Cube/Repository/STM32Cube_FW_L4_V1.17.0/Drivers/CMSIS/Include -O0 -ffunction-sections -fdata-sections -Wall -fstack-usage -MMD -MP -MF"Core/Src/system_stm32l4xx.d" -MT"Core/Src/system_stm32l4xx.o" --specs=nano.specs -mfpu=fpv4-sp-d16 -mfloat-abi=hard -mthumb -o "Core/Src/system_stm32l4xx.o"
arm-none-eabi-gcc -o "nucleo-L432KC-blink2.elf" @"objects.list"   -mcpu=cortex-m4 -T"C:\Users\andre\Desktop\CpE 185\Labs\LAB 2\FRESH START\nucleo-L432KC-blink2\STM32L432KCUX_FLASH.ld" --specs=nosys.specs -Wl,-Map="nucleo-L432KC-blink2.map" -Wl,--gc-sections -static --specs=nano.specs -mfpu=fpv4-sp-d16 -mfloat-abi=hard -mthumb -Wl,--start-group -lc -lm -Wl,--end-group
Finished building target: nucleo-L432KC-blink2.elf
 
arm-none-eabi-size   nucleo-L432KC-blink2.elf 
arm-none-eabi-objdump -h -S  nucleo-L432KC-blink2.elf  > "nucleo-L432KC-blink2.list"
arm-none-eabi-objcopy  -O binary  nucleo-L432KC-blink2.elf  "nucleo-L432KC-blink2.bin"
   text	   data	    bss	    dec	    hex	filename
   6132	     20	   1572	   7724	   1e2c	nucleo-L432KC-blink2.elf
Finished building: default.size.stdout
 
Finished building: nucleo-L432KC-blink2.list
Finished building: nucleo-L432KC-blink2.bin
 
 
21:36:22 **** Incremental Build of configuration Debug for project nucleo-L432KC-blink2 ****
make -j8 all 
arm-none-eabi-gcc "../Core/Src/main.c" -mcpu=cortex-m4 -std=gnu11 -g3 -DDEBUG -DUSE_HAL_DRIVER -DSTM32L432xx -c -I../Core/Inc -IC:/Users/andre/STM32Cube/Repository/STM32Cube_FW_L4_V1.17.0/Drivers/STM32L4xx_HAL_Driver/Inc -IC:/Users/andre/STM32Cube/Repository/STM32Cube_FW_L4_V1.17.0/Drivers/STM32L4xx_HAL_Driver/Inc/Legacy -IC:/Users/andre/STM32Cube/Repository/STM32Cube_FW_L4_V1.17.0/Drivers/CMSIS/Device/ST/STM32L4xx/Include -IC:/Users/andre/STM32Cube/Repository/STM32Cube_FW_L4_V1.17.0/Drivers/CMSIS/Include -O0 -ffunction-sections -fdata-sections -Wall -fstack-usage -MMD -MP -MF"Core/Src/main.d" -MT"Core/Src/main.o" --specs=nano.specs -mfpu=fpv4-sp-d16 -mfloat-abi=hard -mthumb -o "Core/Src/main.o"
arm-none-eabi-gcc -o "nucleo-L432KC-blink2.elf" @"objects.list"   -mcpu=cortex-m4 -T"C:\Users\andre\Desktop\CpE 185\Labs\LAB 2\FRESH START\nucleo-L432KC-blink2\STM32L432KCUX_FLASH.ld" --specs=nosys.specs -Wl,-Map="nucleo-L432KC-blink2.map" -Wl,--gc-sections -static --specs=nano.specs -mfpu=fpv4-sp-d16 -mfloat-abi=hard -mthumb -Wl,--start-group -lc -lm -Wl,--end-group
Finished building target: nucleo-L432KC-blink2.elf
 
arm-none-eabi-size   nucleo-L432KC-blink2.elf 
arm-none-eabi-objdump -h -S  nucleo-L432KC-blink2.elf  > "nucleo-L432KC-blink2.list"
   text	   data	    bss	    dec	    hex	filename
   6144	     20	   1572	   7736	   1e38	nucleo-L432KC-blink2.elf
arm-none-eabi-objcopy  -O binary  nucleo-L432KC-blink2.elf  "nucleo-L432KC-blink2.bin"
Finished building: default.size.stdout
 
Finished building: nucleo-L432KC-blink2.list
 
Finished building: nucleo-L432KC-blink2.bin
 
21:36:37 **** Incremental Build of configuration Debug for project nucleo-L432KC-blink2 ****
make -j8 all 
arm-none-eabi-size   nucleo-L432KC-blink2.elf 
   text	   data	    bss	    dec	    hex	filename
   6144	     20	   1572	   7736	   1e38	nucleo-L432KC-blink2.elf
Finished building: default.size.stdout
 
21:38:31 **** Incremental Build of configuration Debug for project nucleo-L432KC-blink2 ****
make -j8 all 
arm-none-eabi-gcc "../Core/Src/main.c" -mcpu=cortex-m4 -std=gnu11 -g3 -DDEBUG -DUSE_HAL_DRIVER -DSTM32L432xx -c -I../Core/Inc -IC:/Users/andre/STM32Cube/Repository/STM32Cube_FW_L4_V1.17.0/Drivers/STM32L4xx_HAL_Driver/Inc -IC:/Users/andre/STM32Cube/Repository/STM32Cube_FW_L4_V1.17.0/Drivers/STM32L4xx_HAL_Driver/Inc/Legacy -IC:/Users/andre/STM32Cube/Repository/STM32Cube_FW_L4_V1.17.0/Drivers/CMSIS/Device/ST/STM32L4xx/Include -IC:/Users/andre/STM32Cube/Repository/STM32Cube_FW_L4_V1.17.0/Drivers/CMSIS/Include -O0 -ffunction-sections -fdata-sections -Wall -fstack-usage -MMD -MP -MF"Core/Src/main.d" -MT"Core/Src/main.o" --specs=nano.specs -mfpu=fpv4-sp-d16 -mfloat-abi=hard -mthumb -o "Core/Src/main.o"
arm-none-eabi-gcc -o "nucleo-L432KC-blink2.elf" @"objects.list"   -mcpu=cortex-m4 -T"C:\Users\andre\Desktop\CpE 185\Labs\LAB 2\FRESH START\nucleo-L432KC-blink2\STM32L432KCUX_FLASH.ld" --specs=nosys.specs -Wl,-Map="nucleo-L432KC-blink2.map" -Wl,--gc-sections -static --specs=nano.specs -mfpu=fpv4-sp-d16 -mfloat-abi=hard -mthumb -Wl,--start-group -lc -lm -Wl,--end-group
Finished building target: nucleo-L432KC-blink2.elf
 
arm-none-eabi-size   nucleo-L432KC-blink2.elf 
arm-none-eabi-objdump -h -S  nucleo-L432KC-blink2.elf  > "nucleo-L432KC-blink2.list"
arm-none-eabi-objcopy  -O binary  nucleo-L432KC-blink2.elf  "nucleo-L432KC-blink2.bin"
   text	   data	    bss	    dec	    hex	filename
   6152	     20	   1572	   7744	   1e40	nucleo-L432KC-blink2.elf
Finished building: default.size.stdout
 
Finished building: nucleo-L432KC-blink2.bin
Finished building: nucleo-L432KC-blink2.list
 
 
21:42:18 **** Incremental Build of configuration Debug for project nucleo-L432KC-blink2 ****
make -j8 all 
arm-none-eabi-gcc "../Core/Src/main.c" -mcpu=cortex-m4 -std=gnu11 -g3 -DDEBUG -DUSE_HAL_DRIVER -DSTM32L432xx -c -I../Core/Inc -IC:/Users/andre/STM32Cube/Repository/STM32Cube_FW_L4_V1.17.0/Drivers/STM32L4xx_HAL_Driver/Inc -IC:/Users/andre/STM32Cube/Repository/STM32Cube_FW_L4_V1.17.0/Drivers/STM32L4xx_HAL_Driver/Inc/Legacy -IC:/Users/andre/STM32Cube/Repository/STM32Cube_FW_L4_V1.17.0/Drivers/CMSIS/Device/ST/STM32L4xx/Include -IC:/Users/andre/STM32Cube/Repository/STM32Cube_FW_L4_V1.17.0/Drivers/CMSIS/Include -O0 -ffunction-sections -fdata-sections -Wall -fstack-usage -MMD -MP -MF"Core/Src/main.d" -MT"Core/Src/main.o" --specs=nano.specs -mfpu=fpv4-sp-d16 -mfloat-abi=hard -mthumb -o "Core/Src/main.o"
arm-none-eabi-gcc -o "nucleo-L432KC-blink2.elf" @"objects.list"   -mcpu=cortex-m4 -T"C:\Users\andre\Desktop\CpE 185\Labs\LAB 2\FRESH START\nucleo-L432KC-blink2\STM32L432KCUX_FLASH.ld" --specs=nosys.specs -Wl,-Map="nucleo-L432KC-blink2.map" -Wl,--gc-sections -static --specs=nano.specs -mfpu=fpv4-sp-d16 -mfloat-abi=hard -mthumb -Wl,--start-group -lc -lm -Wl,--end-group
Finished building target: nucleo-L432KC-blink2.elf
 
arm-none-eabi-size   nucleo-L432KC-blink2.elf 
arm-none-eabi-objdump -h -S  nucleo-L432KC-blink2.elf  > "nucleo-L432KC-blink2.list"
   text	   data	    bss	    dec	    hex	filename
   6156	     20	   1572	   7748	   1e44	nucleo-L432KC-blink2.elf
arm-none-eabi-objcopy  -O binary  nucleo-L432KC-blink2.elf  "nucleo-L432KC-blink2.bin"
Finished building: default.size.stdout
 
Finished building: nucleo-L432KC-blink2.list
Finished building: nucleo-L432KC-blink2.bin
 
 
21:43:23 **** Incremental Build of configuration Debug for project nucleo-L432KC-blink2 ****
make -j8 all 
arm-none-eabi-gcc "../Core/Src/main.c" -mcpu=cortex-m4 -std=gnu11 -g3 -DDEBUG -DUSE_HAL_DRIVER -DSTM32L432xx -c -I../Core/Inc -IC:/Users/andre/STM32Cube/Repository/STM32Cube_FW_L4_V1.17.0/Drivers/STM32L4xx_HAL_Driver/Inc -IC:/Users/andre/STM32Cube/Repository/STM32Cube_FW_L4_V1.17.0/Drivers/STM32L4xx_HAL_Driver/Inc/Legacy -IC:/Users/andre/STM32Cube/Repository/STM32Cube_FW_L4_V1.17.0/Drivers/CMSIS/Device/ST/STM32L4xx/Include -IC:/Users/andre/STM32Cube/Repository/STM32Cube_FW_L4_V1.17.0/Drivers/CMSIS/Include -O0 -ffunction-sections -fdata-sections -Wall -fstack-usage -MMD -MP -MF"Core/Src/main.d" -MT"Core/Src/main.o" --specs=nano.specs -mfpu=fpv4-sp-d16 -mfloat-abi=hard -mthumb -o "Core/Src/main.o"
arm-none-eabi-gcc -o "nucleo-L432KC-blink2.elf" @"objects.list"   -mcpu=cortex-m4 -T"C:\Users\andre\Desktop\CpE 185\Labs\LAB 2\FRESH START\nucleo-L432KC-blink2\STM32L432KCUX_FLASH.ld" --specs=nosys.specs -Wl,-Map="nucleo-L432KC-blink2.map" -Wl,--gc-sections -static --specs=nano.specs -mfpu=fpv4-sp-d16 -mfloat-abi=hard -mthumb -Wl,--start-group -lc -lm -Wl,--end-group
Finished building target: nucleo-L432KC-blink2.elf
 
arm-none-eabi-size   nucleo-L432KC-blink2.elf 
arm-none-eabi-objdump -h -S  nucleo-L432KC-blink2.elf  > "nucleo-L432KC-blink2.list"
   text	   data	    bss	    dec	    hex	filename
   6152	     20	   1572	   7744	   1e40	nucleo-L432KC-blink2.elf
arm-none-eabi-objcopy  -O binary  nucleo-L432KC-blink2.elf  "nucleo-L432KC-blink2.bin"
Finished building: default.size.stdout
 
Finished building: nucleo-L432KC-blink2.bin
Finished building: nucleo-L432KC-blink2.list
 
 
21:45:30 **** Incremental Build of configuration Debug for project nucleo-L432KC-blink2 ****
make -j8 all 
arm-none-eabi-gcc "C:/Users/andre/STM32Cube/Repository/STM32Cube_FW_L4_V1.17.0/Drivers/STM32L4xx_HAL_Driver/Src/stm32l4xx_hal.c" -mcpu=cortex-m4 -std=gnu11 -g3 -DDEBUG -DUSE_HAL_DRIVER -DSTM32L432xx -c -I../Core/Inc -IC:/Users/andre/STM32Cube/Repository/STM32Cube_FW_L4_V1.17.0/Drivers/STM32L4xx_HAL_Driver/Inc -IC:/Users/andre/STM32Cube/Repository/STM32Cube_FW_L4_V1.17.0/Drivers/STM32L4xx_HAL_Driver/Inc/Legacy -IC:/Users/andre/STM32Cube/Repository/STM32Cube_FW_L4_V1.17.0/Drivers/CMSIS/Device/ST/STM32L4xx/Include -IC:/Users/andre/STM32Cube/Repository/STM32Cube_FW_L4_V1.17.0/Drivers/CMSIS/Include -O0 -ffunction-sections -fdata-sections -Wall -fstack-usage -MMD -MP -MF"Drivers/STM32L4xx_HAL_Driver/stm32l4xx_hal.d" -MT"Drivers/STM32L4xx_HAL_Driver/stm32l4xx_hal.o" --specs=nano.specs -mfpu=fpv4-sp-d16 -mfloat-abi=hard -mthumb -o "Drivers/STM32L4xx_HAL_Driver/stm32l4xx_hal.o"
arm-none-eabi-gcc "C:/Users/andre/STM32Cube/Repository/STM32Cube_FW_L4_V1.17.0/Drivers/STM32L4xx_HAL_Driver/Src/stm32l4xx_hal_cortex.c" -mcpu=cortex-m4 -std=gnu11 -g3 -DDEBUG -DUSE_HAL_DRIVER -DSTM32L432xx -c -I../Core/Inc -IC:/Users/andre/STM32Cube/Repository/STM32Cube_FW_L4_V1.17.0/Drivers/STM32L4xx_HAL_Driver/Inc -IC:/Users/andre/STM32Cube/Repository/STM32Cube_FW_L4_V1.17.0/Drivers/STM32L4xx_HAL_Driver/Inc/Legacy -IC:/Users/andre/STM32Cube/Repository/STM32Cube_FW_L4_V1.17.0/Drivers/CMSIS/Device/ST/STM32L4xx/Include -IC:/Users/andre/STM32Cube/Repository/STM32Cube_FW_L4_V1.17.0/Drivers/CMSIS/Include -O0 -ffunction-sections -fdata-sections -Wall -fstack-usage -MMD -MP -MF"Drivers/STM32L4xx_HAL_Driver/stm32l4xx_hal_cortex.d" -MT"Drivers/STM32L4xx_HAL_Driver/stm32l4xx_hal_cortex.o" --specs=nano.specs -mfpu=fpv4-sp-d16 -mfloat-abi=hard -mthumb -o "Drivers/STM32L4xx_HAL_Driver/stm32l4xx_hal_cortex.o"
arm-none-eabi-gcc "C:/Users/andre/STM32Cube/Repository/STM32Cube_FW_L4_V1.17.0/Drivers/STM32L4xx_HAL_Driver/Src/stm32l4xx_hal_dma.c" -mcpu=cortex-m4 -std=gnu11 -g3 -DDEBUG -DUSE_HAL_DRIVER -DSTM32L432xx -c -I../Core/Inc -IC:/Users/andre/STM32Cube/Repository/STM32Cube_FW_L4_V1.17.0/Drivers/STM32L4xx_HAL_Driver/Inc -IC:/Users/andre/STM32Cube/Repository/STM32Cube_FW_L4_V1.17.0/Drivers/STM32L4xx_HAL_Driver/Inc/Legacy -IC:/Users/andre/STM32Cube/Repository/STM32Cube_FW_L4_V1.17.0/Drivers/CMSIS/Device/ST/STM32L4xx/Include -IC:/Users/andre/STM32Cube/Repository/STM32Cube_FW_L4_V1.17.0/Drivers/CMSIS/Include -O0 -ffunction-sections -fdata-sections -Wall -fstack-usage -MMD -MP -MF"Drivers/STM32L4xx_HAL_Driver/stm32l4xx_hal_dma.d" -MT"Drivers/STM32L4xx_HAL_Driver/stm32l4xx_hal_dma.o" --specs=nano.specs -mfpu=fpv4-sp-d16 -mfloat-abi=hard -mthumb -o "Drivers/STM32L4xx_HAL_Driver/stm32l4xx_hal_dma.o"
arm-none-eabi-gcc "C:/Users/andre/STM32Cube/Repository/STM32Cube_FW_L4_V1.17.0/Drivers/STM32L4xx_HAL_Driver/Src/stm32l4xx_hal_dma_ex.c" -mcpu=cortex-m4 -std=gnu11 -g3 -DDEBUG -DUSE_HAL_DRIVER -DSTM32L432xx -c -I../Core/Inc -IC:/Users/andre/STM32Cube/Repository/STM32Cube_FW_L4_V1.17.0/Drivers/STM32L4xx_HAL_Driver/Inc -IC:/Users/andre/STM32Cube/Repository/STM32Cube_FW_L4_V1.17.0/Drivers/STM32L4xx_HAL_Driver/Inc/Legacy -IC:/Users/andre/STM32Cube/Repository/STM32Cube_FW_L4_V1.17.0/Drivers/CMSIS/Device/ST/STM32L4xx/Include -IC:/Users/andre/STM32Cube/Repository/STM32Cube_FW_L4_V1.17.0/Drivers/CMSIS/Include -O0 -ffunction-sections -fdata-sections -Wall -fstack-usage -MMD -MP -MF"Drivers/STM32L4xx_HAL_Driver/stm32l4xx_hal_dma_ex.d" -MT"Drivers/STM32L4xx_HAL_Driver/stm32l4xx_hal_dma_ex.o" --specs=nano.specs -mfpu=fpv4-sp-d16 -mfloat-abi=hard -mthumb -o "Drivers/STM32L4xx_HAL_Driver/stm32l4xx_hal_dma_ex.o"
arm-none-eabi-gcc "C:/Users/andre/STM32Cube/Repository/STM32Cube_FW_L4_V1.17.0/Drivers/STM32L4xx_HAL_Driver/Src/stm32l4xx_hal_exti.c" -mcpu=cortex-m4 -std=gnu11 -g3 -DDEBUG -DUSE_HAL_DRIVER -DSTM32L432xx -c -I../Core/Inc -IC:/Users/andre/STM32Cube/Repository/STM32Cube_FW_L4_V1.17.0/Drivers/STM32L4xx_HAL_Driver/Inc -IC:/Users/andre/STM32Cube/Repository/STM32Cube_FW_L4_V1.17.0/Drivers/STM32L4xx_HAL_Driver/Inc/Legacy -IC:/Users/andre/STM32Cube/Repository/STM32Cube_FW_L4_V1.17.0/Drivers/CMSIS/Device/ST/STM32L4xx/Include -IC:/Users/andre/STM32Cube/Repository/STM32Cube_FW_L4_V1.17.0/Drivers/CMSIS/Include -O0 -ffunction-sections -fdata-sections -Wall -fstack-usage -MMD -MP -MF"Drivers/STM32L4xx_HAL_Driver/stm32l4xx_hal_exti.d" -MT"Drivers/STM32L4xx_HAL_Driver/stm32l4xx_hal_exti.o" --specs=nano.specs -mfpu=fpv4-sp-d16 -mfloat-abi=hard -mthumb -o "Drivers/STM32L4xx_HAL_Driver/stm32l4xx_hal_exti.o"
arm-none-eabi-gcc "C:/Users/andre/STM32Cube/Repository/STM32Cube_FW_L4_V1.17.0/Drivers/STM32L4xx_HAL_Driver/Src/stm32l4xx_hal_flash.c" -mcpu=cortex-m4 -std=gnu11 -g3 -DDEBUG -DUSE_HAL_DRIVER -DSTM32L432xx -c -I../Core/Inc -IC:/Users/andre/STM32Cube/Repository/STM32Cube_FW_L4_V1.17.0/Drivers/STM32L4xx_HAL_Driver/Inc -IC:/Users/andre/STM32Cube/Repository/STM32Cube_FW_L4_V1.17.0/Drivers/STM32L4xx_HAL_Driver/Inc/Legacy -IC:/Users/andre/STM32Cube/Repository/STM32Cube_FW_L4_V1.17.0/Drivers/CMSIS/Device/ST/STM32L4xx/Include -IC:/Users/andre/STM32Cube/Repository/STM32Cube_FW_L4_V1.17.0/Drivers/CMSIS/Include -O0 -ffunction-sections -fdata-sections -Wall -fstack-usage -MMD -MP -MF"Drivers/STM32L4xx_HAL_Driver/stm32l4xx_hal_flash.d" -MT"Drivers/STM32L4xx_HAL_Driver/stm32l4xx_hal_flash.o" --specs=nano.specs -mfpu=fpv4-sp-d16 -mfloat-abi=hard -mthumb -o "Drivers/STM32L4xx_HAL_Driver/stm32l4xx_hal_flash.o"
arm-none-eabi-gcc "C:/Users/andre/STM32Cube/Repository/STM32Cube_FW_L4_V1.17.0/Drivers/STM32L4xx_HAL_Driver/Src/stm32l4xx_hal_flash_ex.c" -mcpu=cortex-m4 -std=gnu11 -g3 -DDEBUG -DUSE_HAL_DRIVER -DSTM32L432xx -c -I../Core/Inc -IC:/Users/andre/STM32Cube/Repository/STM32Cube_FW_L4_V1.17.0/Drivers/STM32L4xx_HAL_Driver/Inc -IC:/Users/andre/STM32Cube/Repository/STM32Cube_FW_L4_V1.17.0/Drivers/STM32L4xx_HAL_Driver/Inc/Legacy -IC:/Users/andre/STM32Cube/Repository/STM32Cube_FW_L4_V1.17.0/Drivers/CMSIS/Device/ST/STM32L4xx/Include -IC:/Users/andre/STM32Cube/Repository/STM32Cube_FW_L4_V1.17.0/Drivers/CMSIS/Include -O0 -ffunction-sections -fdata-sections -Wall -fstack-usage -MMD -MP -MF"Drivers/STM32L4xx_HAL_Driver/stm32l4xx_hal_flash_ex.d" -MT"Drivers/STM32L4xx_HAL_Driver/stm32l4xx_hal_flash_ex.o" --specs=nano.specs -mfpu=fpv4-sp-d16 -mfloat-abi=hard -mthumb -o "Drivers/STM32L4xx_HAL_Driver/stm32l4xx_hal_flash_ex.o"
arm-none-eabi-gcc "C:/Users/andre/STM32Cube/Repository/STM32Cube_FW_L4_V1.17.0/Drivers/STM32L4xx_HAL_Driver/Src/stm32l4xx_hal_flash_ramfunc.c" -mcpu=cortex-m4 -std=gnu11 -g3 -DDEBUG -DUSE_HAL_DRIVER -DSTM32L432xx -c -I../Core/Inc -IC:/Users/andre/STM32Cube/Repository/STM32Cube_FW_L4_V1.17.0/Drivers/STM32L4xx_HAL_Driver/Inc -IC:/Users/andre/STM32Cube/Repository/STM32Cube_FW_L4_V1.17.0/Drivers/STM32L4xx_HAL_Driver/Inc/Legacy -IC:/Users/andre/STM32Cube/Repository/STM32Cube_FW_L4_V1.17.0/Drivers/CMSIS/Device/ST/STM32L4xx/Include -IC:/Users/andre/STM32Cube/Repository/STM32Cube_FW_L4_V1.17.0/Drivers/CMSIS/Include -O0 -ffunction-sections -fdata-sections -Wall -fstack-usage -MMD -MP -MF"Drivers/STM32L4xx_HAL_Driver/stm32l4xx_hal_flash_ramfunc.d" -MT"Drivers/STM32L4xx_HAL_Driver/stm32l4xx_hal_flash_ramfunc.o" --specs=nano.specs -mfpu=fpv4-sp-d16 -mfloat-abi=hard -mthumb -o "Drivers/STM32L4xx_HAL_Driver/stm32l4xx_hal_flash_ramfunc.o"
arm-none-eabi-gcc "C:/Users/andre/STM32Cube/Repository/STM32Cube_FW_L4_V1.17.0/Drivers/STM32L4xx_HAL_Driver/Src/stm32l4xx_hal_gpio.c" -mcpu=cortex-m4 -std=gnu11 -g3 -DDEBUG -DUSE_HAL_DRIVER -DSTM32L432xx -c -I../Core/Inc -IC:/Users/andre/STM32Cube/Repository/STM32Cube_FW_L4_V1.17.0/Drivers/STM32L4xx_HAL_Driver/Inc -IC:/Users/andre/STM32Cube/Repository/STM32Cube_FW_L4_V1.17.0/Drivers/STM32L4xx_HAL_Driver/Inc/Legacy -IC:/Users/andre/STM32Cube/Repository/STM32Cube_FW_L4_V1.17.0/Drivers/CMSIS/Device/ST/STM32L4xx/Include -IC:/Users/andre/STM32Cube/Repository/STM32Cube_FW_L4_V1.17.0/Drivers/CMSIS/Include -O0 -ffunction-sections -fdata-sections -Wall -fstack-usage -MMD -MP -MF"Drivers/STM32L4xx_HAL_Driver/stm32l4xx_hal_gpio.d" -MT"Drivers/STM32L4xx_HAL_Driver/stm32l4xx_hal_gpio.o" --specs=nano.specs -mfpu=fpv4-sp-d16 -mfloat-abi=hard -mthumb -o "Drivers/STM32L4xx_HAL_Driver/stm32l4xx_hal_gpio.o"
arm-none-eabi-gcc "C:/Users/andre/STM32Cube/Repository/STM32Cube_FW_L4_V1.17.0/Drivers/STM32L4xx_HAL_Driver/Src/stm32l4xx_hal_i2c.c" -mcpu=cortex-m4 -std=gnu11 -g3 -DDEBUG -DUSE_HAL_DRIVER -DSTM32L432xx -c -I../Core/Inc -IC:/Users/andre/STM32Cube/Repository/STM32Cube_FW_L4_V1.17.0/Drivers/STM32L4xx_HAL_Driver/Inc -IC:/Users/andre/STM32Cube/Repository/STM32Cube_FW_L4_V1.17.0/Drivers/STM32L4xx_HAL_Driver/Inc/Legacy -IC:/Users/andre/STM32Cube/Repository/STM32Cube_FW_L4_V1.17.0/Drivers/CMSIS/Device/ST/STM32L4xx/Include -IC:/Users/andre/STM32Cube/Repository/STM32Cube_FW_L4_V1.17.0/Drivers/CMSIS/Include -O0 -ffunction-sections -fdata-sections -Wall -fstack-usage -MMD -MP -MF"Drivers/STM32L4xx_HAL_Driver/stm32l4xx_hal_i2c.d" -MT"Drivers/STM32L4xx_HAL_Driver/stm32l4xx_hal_i2c.o" --specs=nano.specs -mfpu=fpv4-sp-d16 -mfloat-abi=hard -mthumb -o "Drivers/STM32L4xx_HAL_Driver/stm32l4xx_hal_i2c.o"
arm-none-eabi-gcc "C:/Users/andre/STM32Cube/Repository/STM32Cube_FW_L4_V1.17.0/Drivers/STM32L4xx_HAL_Driver/Src/stm32l4xx_hal_i2c_ex.c" -mcpu=cortex-m4 -std=gnu11 -g3 -DDEBUG -DUSE_HAL_DRIVER -DSTM32L432xx -c -I../Core/Inc -IC:/Users/andre/STM32Cube/Repository/STM32Cube_FW_L4_V1.17.0/Drivers/STM32L4xx_HAL_Driver/Inc -IC:/Users/andre/STM32Cube/Repository/STM32Cube_FW_L4_V1.17.0/Drivers/STM32L4xx_HAL_Driver/Inc/Legacy -IC:/Users/andre/STM32Cube/Repository/STM32Cube_FW_L4_V1.17.0/Drivers/CMSIS/Device/ST/STM32L4xx/Include -IC:/Users/andre/STM32Cube/Repository/STM32Cube_FW_L4_V1.17.0/Drivers/CMSIS/Include -O0 -ffunction-sections -fdata-sections -Wall -fstack-usage -MMD -MP -MF"Drivers/STM32L4xx_HAL_Driver/stm32l4xx_hal_i2c_ex.d" -MT"Drivers/STM32L4xx_HAL_Driver/stm32l4xx_hal_i2c_ex.o" --specs=nano.specs -mfpu=fpv4-sp-d16 -mfloat-abi=hard -mthumb -o "Drivers/STM32L4xx_HAL_Driver/stm32l4xx_hal_i2c_ex.o"
[...]
arm-none-eabi-gcc -o "nucleo-L432KC-blink2.elf" @"objects.list"   -mcpu=cortex-m4 -T"C:\Users\andre\Desktop\CpE 185\Labs\LAB 2\FRESH START\nucleo-L432KC-blink2\STM32L432KCUX_FLASH.ld" --specs=nosys.specs -Wl,-Map="nucleo-L432KC-blink2.map" -Wl,--gc-sections -static --specs=nano.specs -mfpu=fpv4-sp-d16 -mfloat-abi=hard -mthumb -Wl,--start-group -lc -lm -Wl,--end-group
Finished building target: nucleo-L432KC-blink2.elf
 
arm-none-eabi-size   nucleo-L432KC-blink2.elf 
arm-none-eabi-objdump -h -S  nucleo-L432KC-blink2.elf  > "nucleo-L432KC-blink2.list"
arm-none-eabi-objcopy  -O binary  nucleo-L432KC-blink2.elf  "nucleo-L432KC-blink2.bin"
   text	   data	    bss	    dec	    hex	filename
   6828	     20	   1572	   8420	   20e4	nucleo-L432KC-blink2.elf
Finished building: default.size.stdout
 
Finished building: nucleo-L432KC-blink2.bin
Finished building: nucleo-L432KC-blink2.list
 
 
18:03:57 **** Incremental Build of configuration Debug for project nucleo-L432KC-blink2 ****
make -j8 all 
arm-none-eabi-size   nucleo-L432KC-blink2.elf 
   text	   data	    bss	    dec	    hex	filename
   6828	     20	   1572	   8420	   20e4	nucleo-L432KC-blink2.elf
Finished building: default.size.stdout
 
18:04:34 **** Incremental Build of configuration Debug for project nucleo-L432KC-blink2 ****
make -j8 all 
arm-none-eabi-gcc "../Core/Src/main.c" -mcpu=cortex-m4 -std=gnu11 -g3 -DDEBUG -DUSE_HAL_DRIVER -DSTM32L432xx -c -I../Core/Inc -IC:/Users/andre/STM32Cube/Repository/STM32Cube_FW_L4_V1.17.0/Drivers/STM32L4xx_HAL_Driver/Inc -IC:/Users/andre/STM32Cube/Repository/STM32Cube_FW_L4_V1.17.0/Drivers/STM32L4xx_HAL_Driver/Inc/Legacy -IC:/Users/andre/STM32Cube/Repository/STM32Cube_FW_L4_V1.17.0/Drivers/CMSIS/Device/ST/STM32L4xx/Include -IC:/Users/andre/STM32Cube/Repository/STM32Cube_FW_L4_V1.17.0/Drivers/CMSIS/Include -O0 -ffunction-sections -fdata-sections -Wall -fstack-usage -MMD -MP -MF"Core/Src/main.d" -MT"Core/Src/main.o" --specs=nano.specs -mfpu=fpv4-sp-d16 -mfloat-abi=hard -mthumb -o "Core/Src/main.o"
arm-none-eabi-gcc -o "nucleo-L432KC-blink2.elf" @"objects.list"   -mcpu=cortex-m4 -T"C:\Users\andre\Desktop\CpE 185\Labs\LAB 2\FRESH START\nucleo-L432KC-blink2\STM32L432KCUX_FLASH.ld" --specs=nosys.specs -Wl,-Map="nucleo-L432KC-blink2.map" -Wl,--gc-sections -static --specs=nano.specs -mfpu=fpv4-sp-d16 -mfloat-abi=hard -mthumb -Wl,--start-group -lc -lm -Wl,--end-group
Finished building target: nucleo-L432KC-blink2.elf
 
arm-none-eabi-size   nucleo-L432KC-blink2.elf 
arm-none-eabi-objdump -h -S  nucleo-L432KC-blink2.elf  > "nucleo-L432KC-blink2.list"
   text	   data	    bss	    dec	    hex	filename
   6828	     20	   1572	   8420	   20e4	nucleo-L432KC-blink2.elf
arm-none-eabi-objcopy  -O binary  nucleo-L432KC-blink2.elf  "nucleo-L432KC-blink2.bin"
Finished building: default.size.stdout
 
Finished building: nucleo-L432KC-blink2.list
Finished building: nucleo-L432KC-blink2.bin
 
 
18:04:44 **** Incremental Build of configuration Debug for project nucleo-L432KC-blink2 ****
make -j8 all 
arm-none-eabi-size   nucleo-L432KC-blink2.elf 
   text	   data	    bss	    dec	    hex	filename
   6828	     20	   1572	   8420	   20e4	nucleo-L432KC-blink2.elf
Finished building: default.size.stdout
 
18:04:56 **** Incremental Build of configuration Debug for project nucleo-L432KC-blink2 ****
make -j8 all 
arm-none-eabi-size   nucleo-L432KC-blink2.elf 
   text	   data	    bss	    dec	    hex	filename
   6828	     20	   1572	   8420	   20e4	nucleo-L432KC-blink2.elf
Finished building: default.size.stdout
 
18:05:11 **** Incremental Build of configuration Debug for project nucleo-L432KC-blink2 ****
make -j8 all 
arm-none-eabi-size   nucleo-L432KC-blink2.elf 
   text	   data	    bss	    dec	    hex	filename
   6828	     20	   1572	   8420	   20e4	nucleo-L432KC-blink2.elf
Finished building: default.size.stdout
 
18:05:39 **** Incremental Build of configuration Debug for project nucleo-L432KC-blink2 ****
make -j8 all 
arm-none-eabi-size   nucleo-L432KC-blink2.elf 
   text	   data	    bss	    dec	    hex	filename
   6828	     20	   1572	   8420	   20e4	nucleo-L432KC-blink2.elf
Finished building: default.size.stdout
 
18:08:52 **** Incremental Build of configuration Debug for project nucleo-L432KC-blink2 ****
make -j8 all 
arm-none-eabi-gcc "../Core/Src/main.c" -mcpu=cortex-m4 -std=gnu11 -g3 -DDEBUG -DUSE_HAL_DRIVER -DSTM32L432xx -c -I../Core/Inc -IC:/Users/andre/STM32Cube/Repository/STM32Cube_FW_L4_V1.17.0/Drivers/STM32L4xx_HAL_Driver/Inc -IC:/Users/andre/STM32Cube/Repository/STM32Cube_FW_L4_V1.17.0/Drivers/STM32L4xx_HAL_Driver/Inc/Legacy -IC:/Users/andre/STM32Cube/Repository/STM32Cube_FW_L4_V1.17.0/Drivers/CMSIS/Device/ST/STM32L4xx/Include -IC:/Users/andre/STM32Cube/Repository/STM32Cube_FW_L4_V1.17.0/Drivers/CMSIS/Include -O0 -ffunction-sections -fdata-sections -Wall -fstack-usage -MMD -MP -MF"Core/Src/main.d" -MT"Core/Src/main.o" --specs=nano.specs -mfpu=fpv4-sp-d16 -mfloat-abi=hard -mthumb -o "Core/Src/main.o"
arm-none-eabi-gcc -o "nucleo-L432KC-blink2.elf" @"objects.list"   -mcpu=cortex-m4 -T"C:\Users\andre\Desktop\CpE 185\Labs\LAB 2\FRESH START\nucleo-L432KC-blink2\STM32L432KCUX_FLASH.ld" --specs=nosys.specs -Wl,-Map="nucleo-L432KC-blink2.map" -Wl,--gc-sections -static --specs=nano.specs -mfpu=fpv4-sp-d16 -mfloat-abi=hard -mthumb -Wl,--start-group -lc -lm -Wl,--end-group
Finished building target: nucleo-L432KC-blink2.elf
 
arm-none-eabi-size   nucleo-L432KC-blink2.elf 
arm-none-eabi-objdump -h -S  nucleo-L432KC-blink2.elf  > "nucleo-L432KC-blink2.list"
   text	   data	    bss	    dec	    hex	filename
   6824	     20	   1572	   8416	   20e0	nucleo-L432KC-blink2.elf
arm-none-eabi-objcopy  -O binary  nucleo-L432KC-blink2.elf  "nucleo-L432KC-blink2.bin"
Finished building: default.size.stdout
 
Finished building: nucleo-L432KC-blink2.list
Finished building: nucleo-L432KC-blink2.bin
 
 
18:09:02 **** Incremental Build of configuration Debug for project nucleo-L432KC-blink2 ****
make -j8 all 
arm-none-eabi-size   nucleo-L432KC-blink2.elf 
   text	   data	    bss	    dec	    hex	filename
   6824	     20	   1572	   8416	   20e0	nucleo-L432KC-blink2.elf
Finished building: default.size.stdout
 
18:12:58 **** Incremental Build of configuration Debug for project nucleo-L432KC-blink2 ****
make -j8 all 
arm-none-eabi-gcc "../Core/Src/main.c" -mcpu=cortex-m4 -std=gnu11 -g3 -DDEBUG -DUSE_HAL_DRIVER -DSTM32L432xx -c -I../Core/Inc -IC:/Users/andre/STM32Cube/Repository/STM32Cube_FW_L4_V1.17.0/Drivers/STM32L4xx_HAL_Driver/Inc -IC:/Users/andre/STM32Cube/Repository/STM32Cube_FW_L4_V1.17.0/Drivers/STM32L4xx_HAL_Driver/Inc/Legacy -IC:/Users/andre/STM32Cube/Repository/STM32Cube_FW_L4_V1.17.0/Drivers/CMSIS/Device/ST/STM32L4xx/Include -IC:/Users/andre/STM32Cube/Repository/STM32Cube_FW_L4_V1.17.0/Drivers/CMSIS/Include -O0 -ffunction-sections -fdata-sections -Wall -fstack-usage -MMD -MP -MF"Core/Src/main.d" -MT"Core/Src/main.o" --specs=nano.specs -mfpu=fpv4-sp-d16 -mfloat-abi=hard -mthumb -o "Core/Src/main.o"
arm-none-eabi-gcc -o "nucleo-L432KC-blink2.elf" @"objects.list"   -mcpu=cortex-m4 -T"C:\Users\andre\Desktop\CpE 185\Labs\LAB 2\FRESH START\nucleo-L432KC-blink2\STM32L432KCUX_FLASH.ld" --specs=nosys.specs -Wl,-Map="nucleo-L432KC-blink2.map" -Wl,--gc-sections -static --specs=nano.specs -mfpu=fpv4-sp-d16 -mfloat-abi=hard -mthumb -Wl,--start-group -lc -lm -Wl,--end-group
Finished building target: nucleo-L432KC-blink2.elf
 
arm-none-eabi-size   nucleo-L432KC-blink2.elf 
arm-none-eabi-objdump -h -S  nucleo-L432KC-blink2.elf  > "nucleo-L432KC-blink2.list"
arm-none-eabi-objcopy  -O binary  nucleo-L432KC-blink2.elf  "nucleo-L432KC-blink2.bin"
   text	   data	    bss	    dec	    hex	filename
   6836	     20	   1572	   8428	   20ec	nucleo-L432KC-blink2.elf
Finished building: default.size.stdout
 
Finished building: nucleo-L432KC-blink2.list
 
Finished building: nucleo-L432KC-blink2.bin
 
18:13:09 **** Incremental Build of configuration Debug for project nucleo-L432KC-blink2 ****
make -j8 all 
arm-none-eabi-size   nucleo-L432KC-blink2.elf 
   text	   data	    bss	    dec	    hex	filename
   6836	     20	   1572	   8428	   20ec	nucleo-L432KC-blink2.elf
Finished building: default.size.stdout
 
18:17:20 **** Incremental Build of configuration Debug for project nucleo-L432KC-blink2 ****
make -j8 all 
arm-none-eabi-gcc "../Core/Src/main.c" -mcpu=cortex-m4 -std=gnu11 -g3 -DDEBUG -DUSE_HAL_DRIVER -DSTM32L432xx -c -I../Core/Inc -IC:/Users/andre/STM32Cube/Repository/STM32Cube_FW_L4_V1.17.0/Drivers/STM32L4xx_HAL_Driver/Inc -IC:/Users/andre/STM32Cube/Repository/STM32Cube_FW_L4_V1.17.0/Drivers/STM32L4xx_HAL_Driver/Inc/Legacy -IC:/Users/andre/STM32Cube/Repository/STM32Cube_FW_L4_V1.17.0/Drivers/CMSIS/Device/ST/STM32L4xx/Include -IC:/Users/andre/STM32Cube/Repository/STM32Cube_FW_L4_V1.17.0/Drivers/CMSIS/Include -O0 -ffunction-sections -fdata-sections -Wall -fstack-usage -MMD -MP -MF"Core/Src/main.d" -MT"Core/Src/main.o" --specs=nano.specs -mfpu=fpv4-sp-d16 -mfloat-abi=hard -mthumb -o "Core/Src/main.o"
../Core/Src/main.c: In function 'NorthSouthPassHandler':
../Core/Src/main.c:81:13: error: 'eNextState' undeclared (first use in this function)
   81 |             eNextState = Transition_EW_State;
      |             ^~~~~~~~~~
../Core/Src/main.c:81:13: note: each undeclared identifier is reported only once for each function it appears in
../Core/Src/main.c:86:1: warning: control reaches end of non-void function [-Wreturn-type]
   86 | }
      | ^
make: *** [Core/Src/subdir.mk:34: Core/Src/main.o] Error 1
"make -j8 all" terminated with exit code 2. Build might be incomplete.
18:17:50 **** Incremental Build of configuration Debug for project nucleo-L432KC-blink2 ****
make -j8 all 
arm-none-eabi-gcc "../Core/Src/main.c" -mcpu=cortex-m4 -std=gnu11 -g3 -DDEBUG -DUSE_HAL_DRIVER -DSTM32L432xx -c -I../Core/Inc -IC:/Users/andre/STM32Cube/Repository/STM32Cube_FW_L4_V1.17.0/Drivers/STM32L4xx_HAL_Driver/Inc -IC:/Users/andre/STM32Cube/Repository/STM32Cube_FW_L4_V1.17.0/Drivers/STM32L4xx_HAL_Driver/Inc/Legacy -IC:/Users/andre/STM32Cube/Repository/STM32Cube_FW_L4_V1.17.0/Drivers/CMSIS/Device/ST/STM32L4xx/Include -IC:/Users/andre/STM32Cube/Repository/STM32Cube_FW_L4_V1.17.0/Drivers/CMSIS/Include -O0 -ffunction-sections -fdata-sections -Wall -fstack-usage -MMD -MP -MF"Core/Src/main.d" -MT"Core/Src/main.o" --specs=nano.specs -mfpu=fpv4-sp-d16 -mfloat-abi=hard -mthumb -o "Core/Src/main.o"
../Core/Src/main.c: In function 'NorthSouthPassHandler':
../Core/Src/main.c:85:1: warning: control reaches end of non-void function [-Wreturn-type]
   85 | }
      | ^
arm-none-eabi-gcc -o "nucleo-L432KC-blink2.elf" @"objects.list"   -mcpu=cortex-m4 -T"C:\Users\andre\Desktop\CpE 185\Labs\LAB 2\FRESH START\nucleo-L432KC-blink2\STM32L432KCUX_FLASH.ld" --specs=nosys.specs -Wl,-Map="nucleo-L432KC-blink2.map" -Wl,--gc-sections -static --specs=nano.specs -mfpu=fpv4-sp-d16 -mfloat-abi=hard -mthumb -Wl,--start-group -lc -lm -Wl,--end-group
Finished building target: nucleo-L432KC-blink2.elf
 
arm-none-eabi-size   nucleo-L432KC-blink2.elf 
arm-none-eabi-objdump -h -S  nucleo-L432KC-blink2.elf  > "nucleo-L432KC-blink2.list"
arm-none-eabi-objcopy  -O binary  nucleo-L432KC-blink2.elf  "nucleo-L432KC-blink2.bin"
   text	   data	    bss	    dec	    hex	filename
   6844	     20	   1572	   8436	   20f4	nucleo-L432KC-blink2.elf
Finished building: default.size.stdout
 
Finished building: nucleo-L432KC-blink2.list
 
Finished building: nucleo-L432KC-blink2.bin
 
18:22:27 **** Incremental Build of configuration Debug for project nucleo-L432KC-blink2 ****
make -j8 all 
arm-none-eabi-gcc "../Core/Src/main.c" -mcpu=cortex-m4 -std=gnu11 -g3 -DDEBUG -DUSE_HAL_DRIVER -DSTM32L432xx -c -I../Core/Inc -IC:/Users/andre/STM32Cube/Repository/STM32Cube_FW_L4_V1.17.0/Drivers/STM32L4xx_HAL_Driver/Inc -IC:/Users/andre/STM32Cube/Repository/STM32Cube_FW_L4_V1.17.0/Drivers/STM32L4xx_HAL_Driver/Inc/Legacy -IC:/Users/andre/STM32Cube/Repository/STM32Cube_FW_L4_V1.17.0/Drivers/CMSIS/Device/ST/STM32L4xx/Include -IC:/Users/andre/STM32Cube/Repository/STM32Cube_FW_L4_V1.17.0/Drivers/CMSIS/Include -O0 -ffunction-sections -fdata-sections -Wall -fstack-usage -MMD -MP -MF"Core/Src/main.d" -MT"Core/Src/main.o" --specs=nano.specs -mfpu=fpv4-sp-d16 -mfloat-abi=hard -mthumb -o "Core/Src/main.o"
arm-none-eabi-gcc -o "nucleo-L432KC-blink2.elf" @"objects.list"   -mcpu=cortex-m4 -T"C:\Users\andre\Desktop\CpE 185\Labs\LAB 2\FRESH START\nucleo-L432KC-blink2\STM32L432KCUX_FLASH.ld" --specs=nosys.specs -Wl,-Map="nucleo-L432KC-blink2.map" -Wl,--gc-sections -static --specs=nano.specs -mfpu=fpv4-sp-d16 -mfloat-abi=hard -mthumb -Wl,--start-group -lc -lm -Wl,--end-group
Finished building target: nucleo-L432KC-blink2.elf
 
arm-none-eabi-size   nucleo-L432KC-blink2.elf 
arm-none-eabi-objdump -h -S  nucleo-L432KC-blink2.elf  > "nucleo-L432KC-blink2.list"
   text	   data	    bss	    dec	    hex	filename
   6832	     20	   1572	   8424	   20e8	nucleo-L432KC-blink2.elf
arm-none-eabi-objcopy  -O binary  nucleo-L432KC-blink2.elf  "nucleo-L432KC-blink2.bin"
Finished building: default.size.stdout
 
Finished building: nucleo-L432KC-blink2.list
 
Finished building: nucleo-L432KC-blink2.bin
 
18:22:35 **** Incremental Build of configuration Debug for project nucleo-L432KC-blink2 ****
make -j8 all 
arm-none-eabi-size   nucleo-L432KC-blink2.elf 
   text	   data	    bss	    dec	    hex	filename
   6832	     20	   1572	   8424	   20e8	nucleo-L432KC-blink2.elf
Finished building: default.size.stdout
 
18:23:55 **** Incremental Build of configuration Debug for project nucleo-L432KC-blink2 ****
make -j8 all 
arm-none-eabi-gcc "../Core/Src/main.c" -mcpu=cortex-m4 -std=gnu11 -g3 -DDEBUG -DUSE_HAL_DRIVER -DSTM32L432xx -c -I../Core/Inc -IC:/Users/andre/STM32Cube/Repository/STM32Cube_FW_L4_V1.17.0/Drivers/STM32L4xx_HAL_Driver/Inc -IC:/Users/andre/STM32Cube/Repository/STM32Cube_FW_L4_V1.17.0/Drivers/STM32L4xx_HAL_Driver/Inc/Legacy -IC:/Users/andre/STM32Cube/Repository/STM32Cube_FW_L4_V1.17.0/Drivers/CMSIS/Device/ST/STM32L4xx/Include -IC:/Users/andre/STM32Cube/Repository/STM32Cube_FW_L4_V1.17.0/Drivers/CMSIS/Include -O0 -ffunction-sections -fdata-sections -Wall -fstack-usage -MMD -MP -MF"Core/Src/main.d" -MT"Core/Src/main.o" --specs=nano.specs -mfpu=fpv4-sp-d16 -mfloat-abi=hard -mthumb -o "Core/Src/main.o"
arm-none-eabi-gcc -o "nucleo-L432KC-blink2.elf" @"objects.list"   -mcpu=cortex-m4 -T"C:\Users\andre\Desktop\CpE 185\Labs\LAB 2\FRESH START\nucleo-L432KC-blink2\STM32L432KCUX_FLASH.ld" --specs=nosys.specs -Wl,-Map="nucleo-L432KC-blink2.map" -Wl,--gc-sections -static --specs=nano.specs -mfpu=fpv4-sp-d16 -mfloat-abi=hard -mthumb -Wl,--start-group -lc -lm -Wl,--end-group
Finished building target: nucleo-L432KC-blink2.elf
 
arm-none-eabi-size   nucleo-L432KC-blink2.elf 
arm-none-eabi-objdump -h -S  nucleo-L432KC-blink2.elf  > "nucleo-L432KC-blink2.list"
arm-none-eabi-objcopy  -O binary  nucleo-L432KC-blink2.elf  "nucleo-L432KC-blink2.bin"
   text	   data	    bss	    dec	    hex	filename
   6832	     20	   1572	   8424	   20e8	nucleo-L432KC-blink2.elf
Finished building: default.size.stdout
 
Finished building: nucleo-L432KC-blink2.bin
Finished building: nucleo-L432KC-blink2.list
 
 
18:24:03 **** Incremental Build of configuration Debug for project nucleo-L432KC-blink2 ****
make -j8 all 
arm-none-eabi-size   nucleo-L432KC-blink2.elf 
   text	   data	    bss	    dec	    hex	filename
   6832	     20	   1572	   8424	   20e8	nucleo-L432KC-blink2.elf
Finished building: default.size.stdout
 
18:25:16 **** Incremental Build of configuration Debug for project nucleo-L432KC-blink2 ****
make -j8 all 
arm-none-eabi-gcc "../Core/Src/main.c" -mcpu=cortex-m4 -std=gnu11 -g3 -DDEBUG -DUSE_HAL_DRIVER -DSTM32L432xx -c -I../Core/Inc -IC:/Users/andre/STM32Cube/Repository/STM32Cube_FW_L4_V1.17.0/Drivers/STM32L4xx_HAL_Driver/Inc -IC:/Users/andre/STM32Cube/Repository/STM32Cube_FW_L4_V1.17.0/Drivers/STM32L4xx_HAL_Driver/Inc/Legacy -IC:/Users/andre/STM32Cube/Repository/STM32Cube_FW_L4_V1.17.0/Drivers/CMSIS/Device/ST/STM32L4xx/Include -IC:/Users/andre/STM32Cube/Repository/STM32Cube_FW_L4_V1.17.0/Drivers/CMSIS/Include -O0 -ffunction-sections -fdata-sections -Wall -fstack-usage -MMD -MP -MF"Core/Src/main.d" -MT"Core/Src/main.o" --specs=nano.specs -mfpu=fpv4-sp-d16 -mfloat-abi=hard -mthumb -o "Core/Src/main.o"
arm-none-eabi-gcc -o "nucleo-L432KC-blink2.elf" @"objects.list"   -mcpu=cortex-m4 -T"C:\Users\andre\Desktop\CpE 185\Labs\LAB 2\FRESH START\nucleo-L432KC-blink2\STM32L432KCUX_FLASH.ld" --specs=nosys.specs -Wl,-Map="nucleo-L432KC-blink2.map" -Wl,--gc-sections -static --specs=nano.specs -mfpu=fpv4-sp-d16 -mfloat-abi=hard -mthumb -Wl,--start-group -lc -lm -Wl,--end-group
Finished building target: nucleo-L432KC-blink2.elf
 
arm-none-eabi-size   nucleo-L432KC-blink2.elf 
arm-none-eabi-objdump -h -S  nucleo-L432KC-blink2.elf  > "nucleo-L432KC-blink2.list"
arm-none-eabi-objcopy  -O binary  nucleo-L432KC-blink2.elf  "nucleo-L432KC-blink2.bin"
   text	   data	    bss	    dec	    hex	filename
   6824	     20	   1572	   8416	   20e0	nucleo-L432KC-blink2.elf
Finished building: default.size.stdout
 
Finished building: nucleo-L432KC-blink2.bin
Finished building: nucleo-L432KC-blink2.list
 
 
18:25:26 **** Incremental Build of configuration Debug for project nucleo-L432KC-blink2 ****
make -j8 all 
arm-none-eabi-size   nucleo-L432KC-blink2.elf 
   text	   data	    bss	    dec	    hex	filename
   6824	     20	   1572	   8416	   20e0	nucleo-L432KC-blink2.elf
Finished building: default.size.stdout
 
18:29:40 **** Incremental Build of configuration Debug for project nucleo-L432KC-blink2 ****
make -j8 all 
arm-none-eabi-gcc "../Core/Src/main.c" -mcpu=cortex-m4 -std=gnu11 -g3 -DDEBUG -DUSE_HAL_DRIVER -DSTM32L432xx -c -I../Core/Inc -IC:/Users/andre/STM32Cube/Repository/STM32Cube_FW_L4_V1.17.0/Drivers/STM32L4xx_HAL_Driver/Inc -IC:/Users/andre/STM32Cube/Repository/STM32Cube_FW_L4_V1.17.0/Drivers/STM32L4xx_HAL_Driver/Inc/Legacy -IC:/Users/andre/STM32Cube/Repository/STM32Cube_FW_L4_V1.17.0/Drivers/CMSIS/Device/ST/STM32L4xx/Include -IC:/Users/andre/STM32Cube/Repository/STM32Cube_FW_L4_V1.17.0/Drivers/CMSIS/Include -O0 -ffunction-sections -fdata-sections -Wall -fstack-usage -MMD -MP -MF"Core/Src/main.d" -MT"Core/Src/main.o" --specs=nano.specs -mfpu=fpv4-sp-d16 -mfloat-abi=hard -mthumb -o "Core/Src/main.o"
arm-none-eabi-gcc -o "nucleo-L432KC-blink2.elf" @"objects.list"   -mcpu=cortex-m4 -T"C:\Users\andre\Desktop\CpE 185\Labs\LAB 2\FRESH START\nucleo-L432KC-blink2\STM32L432KCUX_FLASH.ld" --specs=nosys.specs -Wl,-Map="nucleo-L432KC-blink2.map" -Wl,--gc-sections -static --specs=nano.specs -mfpu=fpv4-sp-d16 -mfloat-abi=hard -mthumb -Wl,--start-group -lc -lm -Wl,--end-group
Finished building target: nucleo-L432KC-blink2.elf
 
arm-none-eabi-size   nucleo-L432KC-blink2.elf 
arm-none-eabi-objdump -h -S  nucleo-L432KC-blink2.elf  > "nucleo-L432KC-blink2.list"
arm-none-eabi-objcopy  -O binary  nucleo-L432KC-blink2.elf  "nucleo-L432KC-blink2.bin"
   text	   data	    bss	    dec	    hex	filename
   6816	     20	   1572	   8408	   20d8	nucleo-L432KC-blink2.elf
Finished building: default.size.stdout
 
Finished building: nucleo-L432KC-blink2.list
Finished building: nucleo-L432KC-blink2.bin
 
 
18:29:49 **** Incremental Build of configuration Debug for project nucleo-L432KC-blink2 ****
make -j8 all 
arm-none-eabi-size   nucleo-L432KC-blink2.elf 
   text	   data	    bss	    dec	    hex	filename
   6816	     20	   1572	   8408	   20d8	nucleo-L432KC-blink2.elf
Finished building: default.size.stdout
 
